// Jest Snapshot v1, https://goo.gl/fbAQLP

exports[`screen: BlockDetails/Overview matches snapshot 1`] = `
.emotion-0 {
  display: grid;
  gap: 24px;
}

.emotion-0 .MuiTypography-h2 {
  font-size: 20px;
}

.emotion-1 {
  margin: 0;
  font-size: 1.5rem;
  letter-spacing: 0;
  font-weight: 600;
  font-family: "Noto Sans",sans-serif;
  line-height: 1.2;
}

.emotion-2 {
  display: grid;
  gap: 4px;
}

.emotion-2 .label {
  font-size: 1rem;
  color: #414141;
}

.emotion-2 .value {
  font-size: 1rem;
  color: #000000;
}

.emotion-3 {
  display: grid;
  grid-template-columns: repeat(1, 1fr);
  gap: 24px;
}

@media (min-width:768px) {
  .emotion-3 {
    grid-template-columns: repeat(2, 1fr);
  }
}

@media (min-width:1025px) {
  .emotion-3 {
    gap: 8px;
    grid-template-columns: repeat(4, 1fr);
  }
}

<div
  className="emotion-0"
  id="Box"
>
  <h2
    className="MuiTypography-root MuiTypography-h2 emotion-1"
  >
    overview
  </h2>
  <div
    className="emotion-2"
  >
    <div
      className="label"
    >
      hash
    </div>
    hash
  </div>
  <div
    className="emotion-3"
  >
    <div
      className="emotion-2"
    >
      <div
        className="label"
      >
        height
      </div>
      <div>
        300
      </div>
    </div>
    <div
      className="emotion-2"
    >
      <div
        className="label"
      >
        time
      </div>
      <div>
        2020-08-10 12:00:00
      </div>
    </div>
    <div
      className="emotion-2"
    >
      <div
        className="label"
      >
        proposer
      </div>
      <div
        address="proposer"
        id="BoxDetailAvatarName"
        imageUrl=""
        name="proposer"
      />
    </div>
    <div
      className="emotion-2"
    >
      <div
        className="label"
      >
        txs
      </div>
      <div>
        0
      </div>
    </div>
  </div>
</div>
`;
