// Jest Snapshot v1, https://goo.gl/fbAQLP

exports[`screen: Nav/ActionBar it renders 1`] = `
.emotion-0 {
  width: 100%;
  background: #F8F8F8;
  display: -webkit-box;
  display: -webkit-flex;
  display: -ms-flexbox;
  display: flex;
  -webkit-box-pack: end;
  -ms-flex-pack: end;
  -webkit-justify-content: flex-end;
  justify-content: flex-end;
  -webkit-align-items: center;
  -webkit-box-align: center;
  -ms-flex-align: center;
  align-items: center;
  padding: 16px;
  height: 100%;
}

.emotion-1 {
  width: 60%;
  display: -webkit-box;
  display: -webkit-flex;
  display: -ms-flexbox;
  display: flex;
  -webkit-align-items: center;
  -webkit-box-align: center;
  -ms-flex-align: center;
  align-items: center;
  -webkit-box-pack: end;
  -ms-flex-pack: end;
  -webkit-justify-content: flex-end;
  justify-content: flex-end;
  gap: 12px;
  z-index: 5000;
}

.emotion-2 {
  height: 100%;
  display: -webkit-box;
  display: -webkit-flex;
  display: -ms-flexbox;
  display: flex;
  -webkit-align-items: center;
  -webkit-box-align: center;
  -ms-flex-align: center;
  align-items: center;
}

@media (max-width:1024.95px) {
  .emotion-2 {
    height: auto;
    padding: 16px 12px;
  }
}

.emotion-2 .MuiInputBase-root {
  width: 100%;
  height: 100%;
  padding: 8px 16px;
  border-radius: 48px;
}

@media (max-width:1024.95px) {
  .emotion-2 .MuiInputBase-root {
    padding: 8px;
  }
}

.emotion-2 .MuiInputBase-input {
  text-overflow: ellipsis;
}

.emotion-2 .MuiInputBase-input::-webkit-input-placeholder {
  color: #999999;
}

.emotion-2 .MuiInputBase-input::-moz-placeholder {
  color: #999999;
}

.emotion-2 .MuiInputBase-input:-ms-input-placeholder {
  color: #999999;
}

.emotion-2 .MuiInputBase-input::placeholder {
  color: #999999;
}

@media (max-width:1024.95px) {
  .emotion-2 .MuiInputBase-input::-webkit-input-placeholder {
    font-size: 0.85rem;
  }

  .emotion-2 .MuiInputBase-input::-moz-placeholder {
    font-size: 0.85rem;
  }

  .emotion-2 .MuiInputBase-input:-ms-input-placeholder {
    font-size: 0.85rem;
  }

  .emotion-2 .MuiInputBase-input::placeholder {
    font-size: 0.85rem;
  }
}

.emotion-2 .Search-icon {
  background: #25D695;
  border-radius: 100%;
  padding: 5px;
  width: 30px;
  height: 30px;
  color: white;
  cursor: pointer;
}

.emotion-2.emotion-2 {
  -webkit-flex: 1;
  -ms-flex: 1;
  flex: 1;
  height: 48px;
}

.emotion-2.emotion-2.open .MuiInputBase-root {
  background: #F8F8F8;
}

.emotion-3 {
  font-size: 1rem;
  white-space: pre-wrap;
  letter-spacing: 0.5px;
  font-family: "Noto Sans",sans-serif;
  font-weight: 400;
  line-height: 1.4375em;
  color: #000000;
  box-sizing: border-box;
  position: relative;
  cursor: text;
  display: -webkit-inline-box;
  display: -webkit-inline-flex;
  display: -ms-inline-flexbox;
  display: inline-flex;
  -webkit-align-items: center;
  -webkit-box-align: center;
  -ms-flex-align: center;
  align-items: center;
}

.emotion-3.Mui-disabled {
  color: rgba(0, 0, 0, 0.38);
  cursor: default;
}

.emotion-3 {
  border-radius: 12px;
}

.emotion-4 {
  font: inherit;
  letter-spacing: inherit;
  color: currentColor;
  padding: 4px 0 5px;
  border: 0;
  box-sizing: content-box;
  background: none;
  height: 1.4375em;
  margin: 0;
  -webkit-tap-highlight-color: transparent;
  display: block;
  min-width: 0;
  width: 100%;
  -webkit-animation-name: mui-auto-fill-cancel;
  animation-name: mui-auto-fill-cancel;
  -webkit-animation-duration: 10ms;
  animation-duration: 10ms;
}

.emotion-4::-webkit-input-placeholder {
  color: currentColor;
  opacity: 0.42;
  -webkit-transition: opacity 200ms cubic-bezier(0.4, 0, 0.2, 1) 0ms;
  transition: opacity 200ms cubic-bezier(0.4, 0, 0.2, 1) 0ms;
}

.emotion-4::-moz-placeholder {
  color: currentColor;
  opacity: 0.42;
  -webkit-transition: opacity 200ms cubic-bezier(0.4, 0, 0.2, 1) 0ms;
  transition: opacity 200ms cubic-bezier(0.4, 0, 0.2, 1) 0ms;
}

.emotion-4:-ms-input-placeholder {
  color: currentColor;
  opacity: 0.42;
  -webkit-transition: opacity 200ms cubic-bezier(0.4, 0, 0.2, 1) 0ms;
  transition: opacity 200ms cubic-bezier(0.4, 0, 0.2, 1) 0ms;
}

.emotion-4::-ms-input-placeholder {
  color: currentColor;
  opacity: 0.42;
  -webkit-transition: opacity 200ms cubic-bezier(0.4, 0, 0.2, 1) 0ms;
  transition: opacity 200ms cubic-bezier(0.4, 0, 0.2, 1) 0ms;
}

.emotion-4:focus {
  outline: 0;
}

.emotion-4:invalid {
  box-shadow: none;
}

.emotion-4::-webkit-search-decoration {
  -webkit-appearance: none;
}

label[data-shrink=false]+.MuiInputBase-formControl .emotion-4::-webkit-input-placeholder {
  opacity: 0!important;
}

label[data-shrink=false]+.MuiInputBase-formControl .emotion-4::-moz-placeholder {
  opacity: 0!important;
}

label[data-shrink=false]+.MuiInputBase-formControl .emotion-4:-ms-input-placeholder {
  opacity: 0!important;
}

label[data-shrink=false]+.MuiInputBase-formControl .emotion-4::-ms-input-placeholder {
  opacity: 0!important;
}

label[data-shrink=false]+.MuiInputBase-formControl .emotion-4:focus::-webkit-input-placeholder {
  opacity: 0.42;
}

label[data-shrink=false]+.MuiInputBase-formControl .emotion-4:focus::-moz-placeholder {
  opacity: 0.42;
}

label[data-shrink=false]+.MuiInputBase-formControl .emotion-4:focus:-ms-input-placeholder {
  opacity: 0.42;
}

label[data-shrink=false]+.MuiInputBase-formControl .emotion-4:focus::-ms-input-placeholder {
  opacity: 0.42;
}

.emotion-4.Mui-disabled {
  opacity: 1;
  -webkit-text-fill-color: rgba(0, 0, 0, 0.38);
}

.emotion-4:-webkit-autofill {
  -webkit-animation-duration: 5000s;
  animation-duration: 5000s;
  -webkit-animation-name: mui-auto-fill;
  animation-name: mui-auto-fill;
}

.emotion-4 {
  padding: 8px 12px;
}

.emotion-5 {
  -webkit-user-select: none;
  -moz-user-select: none;
  -ms-user-select: none;
  user-select: none;
  width: 1em;
  height: 1em;
  display: inline-block;
  fill: currentColor;
  -webkit-flex-shrink: 0;
  -ms-flex-negative: 0;
  flex-shrink: 0;
  -webkit-transition: fill 200ms cubic-bezier(0.4, 0, 0.2, 1) 0ms;
  transition: fill 200ms cubic-bezier(0.4, 0, 0.2, 1) 0ms;
  font-size: 1.25rem;
}

.emotion-6 {
  display: -webkit-box;
  display: -webkit-flex;
  display: -ms-flexbox;
  display: flex;
  -webkit-align-items: center;
  -webkit-box-align: center;
  -ms-flex-align: center;
  align-items: center;
  border-radius: 4px;
  padding: 8px 16px;
  cursor: pointer;
}

@media (max-width:1024.95px) {
  .emotion-6 {
    display: -webkit-box;
    display: -webkit-flex;
    display: -ms-flexbox;
    display: flex;
    -webkit-align-items: center;
    -webkit-box-align: center;
    -ms-flex-align: center;
    align-items: center;
    position: relative;
    height: 100%;
    padding: 16px;
    margin: 8px 12px 0px 12px;
    justify-self: flex-end;
    width: auto;
    gap: 30px;
  }
}

.emotion-6.open-menu-margin {
  margin-bottom: 220px;
}

@media (max-width:1024.95px) {
  .emotion-6 .netIcon {
    position: relative;
    left: auto;
  }
}

.emotion-6 .netContent {
  display: -webkit-box;
  display: -webkit-flex;
  display: -ms-flexbox;
  display: flex;
  -webkit-flex-direction: column;
  -ms-flex-direction: column;
  flex-direction: column;
  -webkit-align-items: flex-start;
  -webkit-box-align: flex-start;
  -ms-flex-align: flex-start;
  align-items: flex-start;
}

@media (max-width:1024.95px) {
  .emotion-6 .netContent {
    visibility: visible;
    opacity: 1;
    -webkit-box-pack: start;
    -ms-flex-pack: start;
    -webkit-justify-content: flex-start;
    justify-content: flex-start;
    -webkit-box-flex-wrap: wrap;
    -webkit-flex-wrap: wrap;
    -ms-flex-wrap: wrap;
    flex-wrap: wrap;
    padding: 0;
    font-weight: 600;
    font-size: 14px;
    line-height: 21px;
  }
}

.emotion-6 .netContent .currentNetName {
  font-weight: 600;
  font-size: 14px;
  line-height: 21px;
  margin-left: 16px;
  margin-right: 20px;
}

@media (max-width:1024.95px) {
  .emotion-6 .netContent .currentNetName {
    margin: 0;
    font-weight: 600;
    font-size: 10px;
    line-height: 15px;
  }
}

.emotion-6 .netContent .currentNetLink {
  font-weight: 400;
  font-size: 12px;
  line-height: 18px;
  overflow: hidden;
  text-overflow: ellipsis;
  max-width: 100%;
  white-space: nowrap;
}

.emotion-6 .arrowIcon {
  position: relative;
  -webkit-transform: rotate(0deg);
  -moz-transform: rotate(0deg);
  -ms-transform: rotate(0deg);
  transform: rotate(0deg);
  -webkit-transition: all 0.3s ease;
  transition: all 0.3s ease;
}

.emotion-6 .arrowIcon.modalShow {
  -webkit-transform: rotate(90deg);
  -moz-transform: rotate(90deg);
  -ms-transform: rotate(90deg);
  transform: rotate(90deg);
}

@media (max-width:1024.95px) {
  .emotion-6 .arrowIcon {
    position: absolute;
    right: 12px;
  }
}

.emotion-6 .modal {
  position: fixed;
  visibility: hidden;
  opacity: 0;
  -webkit-transition: all 225ms cubic-bezier(0.4, 0, 1, 1) 0ms;
  transition: all 225ms cubic-bezier(0.4, 0, 1, 1) 0ms;
  overflow-y: auto;
  display: -webkit-box;
  display: -webkit-flex;
  display: -ms-flexbox;
  display: flex;
  -webkit-flex-direction: column;
  -ms-flex-direction: column;
  flex-direction: column;
  -webkit-align-items: center;
  -webkit-box-align: center;
  -ms-flex-align: center;
  align-items: center;
  border-radius: 4px;
  -webkit-box-pack: center;
  -ms-flex-pack: center;
  -webkit-justify-content: center;
  justify-content: center;
  padding: 12px;
  right: 16px;
  top: 72px;
  box-shadow: -6px 5px rgba(0, 0, 0, 0.25);
}

.emotion-6 .modal.modalShow {
  visibility: visible;
  opacity: 1;
}

@media (max-width:1024.95px) {
  .emotion-6 .modal {
    position: absolute;
    width: 100%;
    height: -webkit-fit-content;
    height: -moz-fit-content;
    height: fit-content;
    top: calc(100% + 8px);
    right: 0;
    left: auto;
    padding: 8px;
  }
}

.emotion-6 .modal .linkItem {
  width: 240px;
  height: 55px;
  display: -webkit-box;
  display: -webkit-flex;
  display: -ms-flexbox;
  display: flex;
  -webkit-flex-direction: column;
  -ms-flex-direction: column;
  flex-direction: column;
  border-radius: 4px;
  padding: 12px;
  -webkit-transition: all 0.3s ease;
  transition: all 0.3s ease;
}

@media (max-width:1024.95px) {
  .emotion-6 .modal .linkItem {
    width: 100%;
  }
}

.emotion-6 .modal .linkItem .netName {
  font-weight: 600;
  font-size: 10px;
  line-height: 15px;
}

.emotion-6 .modal .linkItem .netLink {
  font-weight: 400;
  font-size: 12px;
  line-height: 18px;
  color: #000000;
}

.emotion-6 .modal .linkItem.selectedItem .netName {
  color: #25D695;
}

<div
  className="emotion-0"
>
  <div
    className="emotion-1"
  >
    <form
      className="emotion-2"
      onSubmit={[Function]}
    >
      <div
        className="MuiInputBase-root MuiInputBase-colorPrimary MuiInputBase-adornedEnd emotion-3"
        onClick={[Function]}
      >
        <input
          aria-label="searchBarPlaceholder"
          className="MuiInputBase-input MuiInputBase-inputAdornedEnd emotion-4"
          onAnimationStart={[Function]}
          onBlur={[Function]}
          onChange={[Function]}
          onFocus={[Function]}
          onKeyDown={[Function]}
          placeholder="searchBarPlaceholder"
          type="text"
          value=""
        />
        <svg
          aria-hidden={true}
          className="MuiSvgIcon-root MuiSvgIcon-fontSizeSmall Search-icon emotion-5"
          color="#868991"
          data-testid="SearchIcon"
          focusable="false"
          onClick={[Function]}
          viewBox="0 0 24 24"
        >
          <path
            d="M15.5 14h-.79l-.28-.27C15.41 12.59 16 11.11 16 9.5 16 5.91 13.09 3 9.5 3S3 5.91 3 9.5 5.91 16 9.5 16c1.61 0 3.09-.59 4.23-1.57l.27.28v.79l5 4.99L20.49 19l-4.99-5zm-6 0C7.01 14 5 11.99 5 9.5S7.01 5 9.5 5 14 7.01 14 9.5 11.99 14 9.5 14z"
          />
        </svg>
      </div>
    </form>
    <div
      className="emotion-6"
      onClick={[Function]}
      onTouchEnd={[Function]}
      role="button"
    >
      <svg
        className="netIcon"
      />
      <div
        className="netContent"
      >
        <div
          className="currentNetName"
        >
          Testnet1
        </div>
        <div
          className="currentNetLink"
        >
          explorer.testnet-1.coreum.dev
        </div>
      </div>
      <svg
        className="arrowIcon"
      />
    </div>
  </div>
</div>
`;
