// Jest Snapshot v1, https://goo.gl/fbAQLP

exports[`screen: Home/Transactions/Desktop matches snapshot 1`] = `
.emotion-0 {
  overflow: auto;
}

.emotion-1 {
  display: table;
  width: 100%;
  border-collapse: collapse;
  border-spacing: 0;
}

.emotion-1 caption {
  font-size: 0.875rem;
  letter-spacing: 0.25px;
  font-family: "Noto Sans",sans-serif;
  font-weight: 400;
  line-height: 1.43;
  padding: 16px;
  color: #414141;
  text-align: left;
  caption-side: bottom;
}

.emotion-1 .MuiTableBody-root .MuiTableHead-root .MuiTableCell-root {
  font-size: 12px;
}

.emotion-1 .MuiTableBody-root .MuiTableCell-root {
  white-space: nowrap;
  height: auto;
  line-height: 1.5;
  font-size: 14px;
}

.emotion-2 {
  display: table-header-group;
}

.emotion-2 {
  background-color: initial;
}

.emotion-3 {
  color: inherit;
  display: table-row;
  vertical-align: middle;
  outline: 0;
}

.emotion-3.MuiTableRow-hover:hover {
  background-color: rgba(0, 0, 0, 0.04);
}

.emotion-3.Mui-selected {
  background-color: rgba(37, 214, 149, 0.08);
}

.emotion-3.Mui-selected:hover {
  background-color: rgba(37, 214, 149, 0.12);
}

.emotion-4 {
  font-size: 0.875rem;
  letter-spacing: 0.25px;
  font-family: "Noto Sans",sans-serif;
  font-weight: 500;
  line-height: 1.5rem;
  display: table-cell;
  vertical-align: inherit;
  border-bottom: 1px solid rgba(252, 252, 252, 1);
  text-align: left;
  padding: 16px;
  color: #000000;
  text-transform: uppercase;
  font-size: 12px!important;
}

.emotion-4 {
  border-bottom: none;
  padding: 0 16px;
  height: 50px;
  font-size: 1rem;
}

.emotion-6 {
  font-size: 0.875rem;
  letter-spacing: 0.25px;
  font-family: "Noto Sans",sans-serif;
  font-weight: 500;
  line-height: 1.5rem;
  display: table-cell;
  vertical-align: inherit;
  border-bottom: 1px solid rgba(252, 252, 252, 1);
  text-align: right;
  padding: 16px;
  color: #000000;
  -webkit-flex-direction: row-reverse;
  -ms-flex-direction: row-reverse;
  flex-direction: row-reverse;
  text-transform: uppercase;
  font-size: 12px!important;
}

.emotion-6 {
  border-bottom: none;
  padding: 0 16px;
  height: 50px;
  font-size: 1rem;
}

.emotion-8 {
  display: table-row-group;
}

.emotion-8 .MuiTableRow-root:nth-of-type(odd) {
  background-color: #F8F8F8;
}

.emotion-8 .MuiTableCell-root {
  color: #414141;
}

.emotion-10 {
  font-size: 0.875rem;
  letter-spacing: 0.25px;
  font-family: "Noto Sans",sans-serif;
  font-weight: 400;
  line-height: 1.43;
  display: table-cell;
  vertical-align: inherit;
  border-bottom: 1px solid rgba(252, 252, 252, 1);
  text-align: left;
  padding: 16px;
  color: #000000;
}

.emotion-10 {
  border-bottom: none;
  padding: 0 16px;
  height: 50px;
  font-size: 1rem;
}

.emotion-12 {
  font-size: 0.875rem;
  letter-spacing: 0.25px;
  font-family: "Noto Sans",sans-serif;
  font-weight: 400;
  line-height: 1.43;
  display: table-cell;
  vertical-align: inherit;
  border-bottom: 1px solid rgba(252, 252, 252, 1);
  text-align: right;
  padding: 16px;
  color: #000000;
  -webkit-flex-direction: row-reverse;
  -ms-flex-direction: row-reverse;
  flex-direction: row-reverse;
}

.emotion-12 {
  border-bottom: none;
  padding: 0 16px;
  height: 50px;
  font-size: 1rem;
}

.emotion-13 {
  display: -webkit-box;
  display: -webkit-flex;
  display: -ms-flexbox;
  display: flex;
  -webkit-flex-direction: row;
  -ms-flex-direction: row;
  flex-direction: row;
  -webkit-align-items: center;
  -webkit-box-align: center;
  -ms-flex-align: center;
  align-items: center;
}

.emotion-13 span {
  display: -webkit-box;
  display: -webkit-flex;
  display: -ms-flexbox;
  display: flex;
  -webkit-align-items: center;
  -webkit-box-align: center;
  -ms-flex-align: center;
  align-items: center;
  font-size: 14px;
}

<div
  className="emotion-0"
>
  <table
    className="MuiTable-root emotion-1"
    role={null}
  >
    <thead
      className="MuiTableHead-root emotion-2"
      role={null}
    >
      <tr
        className="MuiTableRow-root MuiTableRow-head emotion-3"
        role={null}
      >
        <th
          aria-sort={null}
          className="MuiTableCell-root MuiTableCell-head MuiTableCell-sizeMedium emotion-4"
          scope="col"
          style={
            {
              "width": "25%",
            }
          }
        >
          block
        </th>
        <th
          aria-sort={null}
          className="MuiTableCell-root MuiTableCell-head MuiTableCell-sizeMedium emotion-4"
          scope="col"
          style={
            {
              "width": "25%",
            }
          }
        >
          hash
        </th>
        <th
          aria-sort={null}
          className="MuiTableCell-root MuiTableCell-head MuiTableCell-alignRight MuiTableCell-sizeMedium emotion-6"
          scope="col"
          style={
            {
              "width": "25%",
            }
          }
        >
          result
        </th>
        <th
          aria-sort={null}
          className="MuiTableCell-root MuiTableCell-head MuiTableCell-alignRight MuiTableCell-sizeMedium emotion-6"
          scope="col"
          style={
            {
              "width": "25%",
            }
          }
        >
          time
        </th>
      </tr>
    </thead>
    <tbody
      className="MuiTableBody-root emotion-8"
      role={null}
    >
      <tr
        className="MuiTableRow-root emotion-3"
        role={null}
      >
        <td
          aria-sort={null}
          className="MuiTableCell-root MuiTableCell-body MuiTableCell-sizeMedium emotion-10"
          style={
            {
              "width": "25%",
            }
          }
        >
          <div
            style={
              {
                "alignItems": "center",
                "display": "inline-flex",
                "height": "50px",
                "overflow": "hidden",
              }
            }
          >
            <a
              href="/blocks/2000"
              onClick={[Function]}
              onMouseEnter={[Function]}
              onTouchStart={[Function]}
            >
              2,000
            </a>
          </div>
        </td>
        <td
          aria-sort={null}
          className="MuiTableCell-root MuiTableCell-body MuiTableCell-sizeMedium emotion-10"
          style={
            {
              "width": "25%",
            }
          }
        >
          <div
            style={
              {
                "alignItems": "center",
                "display": "inline-flex",
                "height": "50px",
                "overflow": "hidden",
              }
            }
          >
            <a
              href="/transactions/76nwV8zz8tLz97SBRXH6uwHvgHXtqJDLQfF66jZhQ857"
              onClick={[Function]}
              onMouseEnter={[Function]}
              onTouchStart={[Function]}
            >
              76nwV8zz8tLz97S...hQ857
            </a>
          </div>
        </td>
        <td
          aria-sort={null}
          className="MuiTableCell-root MuiTableCell-body MuiTableCell-alignRight MuiTableCell-sizeMedium emotion-12"
          style={
            {
              "width": "25%",
            }
          }
        >
          <div
            style={
              {
                "alignItems": "center",
                "display": "inline-flex",
                "height": "50px",
                "overflow": "hidden",
              }
            }
          >
            <div
              className="emotion-13"
              id="Result"
              success={true}
            />
          </div>
        </td>
        <td
          aria-sort={null}
          className="MuiTableCell-root MuiTableCell-body MuiTableCell-alignRight MuiTableCell-sizeMedium emotion-12"
          style={
            {
              "width": "25%",
            }
          }
        >
          <div
            style={
              {
                "alignItems": "center",
                "display": "inline-flex",
                "height": "50px",
                "overflow": "hidden",
              }
            }
          >
            <span
              aria-label={null}
              aria-labelledby={null}
              data-mui-internal-clone-element={true}
              onBlur={[Function]}
              onFocus={[Function]}
              onMouseLeave={[Function]}
              onMouseOver={[Function]}
              onTouchEnd={[Function]}
              onTouchStart={[Function]}
            >
              1 day ago
            </span>
          </div>
        </td>
      </tr>
    </tbody>
  </table>
</div>
`;
