// Jest Snapshot v1, https://goo.gl/fbAQLP

exports[`screen: Home/Blocks/Desktop matches snapshot 1`] = `
.emotion-0 {
  height: 100%;
}

.emotion-1 {
  height: 50px;
  padding: 16px;
  display: -webkit-box;
  display: -webkit-flex;
  display: -ms-flexbox;
  display: flex;
  -webkit-align-items: center;
  -webkit-box-align: center;
  -ms-flex-align: center;
  align-items: center;
  text-transform: uppercase;
}

.emotion-1.odd {
  background: #F8F8F8;
}

.emotion-1>* {
  width: 100%;
}

.emotion-1 .MuiTypography-body1 {
  white-space: nowrap;
}

.emotion-2 {
  margin: 0;
  font-size: 0.875rem;
  letter-spacing: 0.1px;
  font-weight: 500;
  font-family: "Noto Sans",sans-serif;
  line-height: 1.334;
}

.emotion-8 {
  margin: 0;
  font-size: 0.875rem;
  letter-spacing: 0.1px;
  font-weight: 500;
  font-family: "Noto Sans",sans-serif;
  line-height: 1.334;
  text-align: right;
}

.emotion-11 {
  background: #FFFFFF;
  height: 50px;
  padding: 20px;
  display: -webkit-box;
  display: -webkit-flex;
  display: -ms-flexbox;
  display: flex;
  -webkit-align-items: center;
  -webkit-box-align: center;
  -ms-flex-align: center;
  align-items: center;
  color: #414141;
}

.emotion-11.odd {
  background: #F8F8F8;
}

.emotion-11>* {
  width: 100%;
}

.emotion-11 .MuiTypography-body1 {
  white-space: nowrap;
}

.emotion-12 {
  margin: 0;
  font-size: 1rem;
  white-space: pre-wrap;
  letter-spacing: 0.5px;
  font-family: "Noto Sans",sans-serif;
  font-weight: 400;
  line-height: 1.5;
  font-size: 14px!important;
}

.emotion-15 svg {
  width: 22px!important;
  height: 22px!important;
  border-radius: 50%;
}

.emotion-19 {
  margin: 0;
  font-size: 1rem;
  white-space: pre-wrap;
  letter-spacing: 0.5px;
  font-family: "Noto Sans",sans-serif;
  font-weight: 400;
  line-height: 1.5;
  text-align: right;
  font-size: 14px!important;
}

<div
  className="emotion-0"
>
  <div
    onScroll={[Function]}
    style={
      {
        "WebkitOverflowScrolling": "touch",
        "direction": "ltr",
        "height": 50,
        "overflow": "auto",
        "position": "relative",
        "width": 600,
        "willChange": "transform",
      }
    }
  >
    <div
      style={
        {
          "height": 50,
          "pointerEvents": undefined,
          "width": 600,
        }
      }
    >
      <div
        className="emotion-1"
        style={
          {
            "height": 50,
            "left": 0,
            "position": "absolute",
            "right": undefined,
            "top": 0,
            "width": 90,
          }
        }
      >
        <h5
          className="MuiTypography-root MuiTypography-h5 emotion-2"
        >
          height
        </h5>
      </div>
      <div
        className="emotion-1"
        style={
          {
            "height": 50,
            "left": 90,
            "position": "absolute",
            "right": undefined,
            "top": 0,
            "width": 150,
          }
        }
      >
        <h5
          className="MuiTypography-root MuiTypography-h5 emotion-2"
        >
          proposer
        </h5>
      </div>
      <div
        className="emotion-1"
        style={
          {
            "height": 50,
            "left": 240,
            "position": "absolute",
            "right": undefined,
            "top": 0,
            "width": 150,
          }
        }
      >
        <h5
          className="MuiTypography-root MuiTypography-h5 emotion-2"
        >
          hash
        </h5>
      </div>
      <div
        className="emotion-1"
        style={
          {
            "height": 50,
            "left": 390,
            "position": "absolute",
            "right": undefined,
            "top": 0,
            "width": 90,
          }
        }
      >
        <h5
          className="MuiTypography-root MuiTypography-h5 MuiTypography-alignRight emotion-8"
        >
          txs
        </h5>
      </div>
      <div
        className="emotion-1"
        style={
          {
            "height": 50,
            "left": 480,
            "position": "absolute",
            "right": undefined,
            "top": 0,
            "width": 120,
          }
        }
      >
        <h5
          className="MuiTypography-root MuiTypography-h5 MuiTypography-alignRight emotion-8"
        >
          time
        </h5>
      </div>
    </div>
  </div>
  <div
    className="scrollbar"
    onScroll={[Function]}
    style={
      {
        "WebkitOverflowScrolling": "touch",
        "direction": "ltr",
        "height": 550,
        "overflow": "auto",
        "position": "relative",
        "width": 600,
        "willChange": "transform",
      }
    }
  >
    <div
      style={
        {
          "height": 156,
          "pointerEvents": undefined,
          "width": 600,
        }
      }
    >
      <div
        className="odd emotion-11"
        style={
          {
            "height": 78,
            "left": 0,
            "position": "absolute",
            "right": undefined,
            "top": 0,
            "width": 90,
          }
        }
      >
        <div
          className="MuiTypography-root MuiTypography-body1 emotion-12"
        >
          <a
            className="value"
            href="/blocks/300"
            onClick={[Function]}
            onMouseEnter={[Function]}
            onTouchStart={[Function]}
          >
            300
          </a>
        </div>
      </div>
      <div
        className="odd emotion-11"
        style={
          {
            "height": 78,
            "left": 90,
            "position": "absolute",
            "right": undefined,
            "top": 0,
            "width": 150,
          }
        }
      >
        <div
          className="MuiTypography-root MuiTypography-body1 emotion-12"
        >
          <div
            address="address"
            className="emotion-15"
            id="AvatarName"
            imageUrl=""
            name="address"
          />
        </div>
      </div>
      <div
        className="odd emotion-11"
        style={
          {
            "height": 78,
            "left": 240,
            "position": "absolute",
            "right": undefined,
            "top": 0,
            "width": 150,
          }
        }
      >
        <div
          className="MuiTypography-root MuiTypography-body1 emotion-12"
        >
          hash
        </div>
      </div>
      <div
        className="odd emotion-11"
        style={
          {
            "height": 78,
            "left": 390,
            "position": "absolute",
            "right": undefined,
            "top": 0,
            "width": 90,
          }
        }
      >
        <div
          className="MuiTypography-root MuiTypography-body1 MuiTypography-alignRight emotion-19"
        >
          2
        </div>
      </div>
      <div
        className="odd emotion-11"
        style={
          {
            "height": 78,
            "left": 480,
            "position": "absolute",
            "right": undefined,
            "top": 0,
            "width": 120,
          }
        }
      >
        <div
          className="MuiTypography-root MuiTypography-body1 MuiTypography-alignRight emotion-19"
        />
      </div>
      <div
        className="emotion-11"
        style={
          {
            "height": 78,
            "left": 0,
            "position": "absolute",
            "right": undefined,
            "top": 78,
            "width": 90,
          }
        }
      >
        <div
          className="MuiTypography-root MuiTypography-body1 emotion-12"
        >
          <a
            className="value"
            href="/blocks/301"
            onClick={[Function]}
            onMouseEnter={[Function]}
            onTouchStart={[Function]}
          >
            301
          </a>
        </div>
      </div>
      <div
        className="emotion-11"
        style={
          {
            "height": 78,
            "left": 90,
            "position": "absolute",
            "right": undefined,
            "top": 78,
            "width": 150,
          }
        }
      >
        <div
          className="MuiTypography-root MuiTypography-body1 emotion-12"
        >
          <div
            address="address"
            className="emotion-15"
            id="AvatarName"
            imageUrl=""
            name="address"
          />
        </div>
      </div>
      <div
        className="emotion-11"
        style={
          {
            "height": 78,
            "left": 240,
            "position": "absolute",
            "right": undefined,
            "top": 78,
            "width": 150,
          }
        }
      >
        <div
          className="MuiTypography-root MuiTypography-body1 emotion-12"
        >
          hash
        </div>
      </div>
      <div
        className="emotion-11"
        style={
          {
            "height": 78,
            "left": 390,
            "position": "absolute",
            "right": undefined,
            "top": 78,
            "width": 90,
          }
        }
      >
        <div
          className="MuiTypography-root MuiTypography-body1 MuiTypography-alignRight emotion-19"
        >
          2
        </div>
      </div>
      <div
        className="emotion-11"
        style={
          {
            "height": 78,
            "left": 480,
            "position": "absolute",
            "right": undefined,
            "top": 78,
            "width": 120,
          }
        }
      >
        <div
          className="MuiTypography-root MuiTypography-body1 MuiTypography-alignRight emotion-19"
        />
      </div>
    </div>
  </div>
</div>
`;
