// Jest Snapshot v1, https://goo.gl/fbAQLP

exports[`screen: Home/DataBlocks matches snapshot 1`] = `
.emotion-0 {
  display: grid;
  gap: 8px;
  grid-template-rows: auto;
}

@media (min-width:375px) {
  .emotion-0 {
    grid-template-columns: 1fr 1.5 fr 1.5fr;
  }
}

.emotion-1 {
  padding: 16px;
  background: #25D695;
  border-radius: 4px;
  height: 110px;
  display: -webkit-box;
  display: -webkit-flex;
  display: -ms-flexbox;
  display: flex;
  -webkit-flex-direction: row;
  -ms-flex-direction: row;
  flex-direction: row;
  -webkit-align-items: center;
  -webkit-box-align: center;
  -ms-flex-align: center;
  align-items: center;
  -webkit-box-pack: justify;
  -webkit-justify-content: space-between;
  justify-content: space-between;
  color: #25D695;
  background: linear-gradient(110.16deg, rgba(37, 214, 149, 0.15) 0%, rgba(37, 214, 149, 0.05) 100%);
}

.emotion-1 .label {
  width: 50%;
  color: #FFFFFF;
}

.emotion-1 .content {
  width: 50%;
  display: -webkit-box;
  display: -webkit-flex;
  display: -ms-flexbox;
  display: flex;
  -webkit-align-items: center;
  -webkit-box-align: center;
  -ms-flex-align: center;
  align-items: center;
  -webkit-box-pack: end;
  -ms-flex-pack: end;
  -webkit-justify-content: flex-end;
  justify-content: flex-end;
}

.emotion-1 .description {
  display: block;
  color: #FFFFFF;
  font-size: 1rem;
}

.emotion-2 {
  margin: 0;
  font-size: 0.875rem;
  letter-spacing: 0.25px;
  font-family: "Noto Sans",sans-serif;
  font-weight: 400;
  line-height: 1.43;
}

.emotion-3 {
  margin: 0;
  font-size: 2rem;
  letter-spacing: 0.25px;
  font-weight: 600;
  margin-bottom: 12px;
  font-family: "Noto Sans",sans-serif;
  line-height: 1.167;
}

.emotion-4 {
  padding: 16px;
  background: #25D695;
  border-radius: 4px;
  height: 110px;
  display: -webkit-box;
  display: -webkit-flex;
  display: -ms-flexbox;
  display: flex;
  -webkit-flex-direction: row;
  -ms-flex-direction: row;
  flex-direction: row;
  -webkit-align-items: center;
  -webkit-box-align: center;
  -ms-flex-align: center;
  align-items: center;
  -webkit-box-pack: justify;
  -webkit-justify-content: space-between;
  justify-content: space-between;
  color: #25D695;
  background: linear-gradient(110.16deg, rgba(37, 214, 149, 0.15) 0%, rgba(37, 214, 149, 0.05) 100%);
}

.emotion-4 .label {
  width: 50%;
  color: #FFFFFF;
}

.emotion-4 .content {
  width: 50%;
  display: -webkit-box;
  display: -webkit-flex;
  display: -ms-flexbox;
  display: flex;
  -webkit-align-items: center;
  -webkit-box-align: center;
  -ms-flex-align: center;
  align-items: center;
  -webkit-box-pack: end;
  -ms-flex-pack: end;
  -webkit-justify-content: flex-end;
  justify-content: flex-end;
}

.emotion-4 .description {
  display: block;
  color: #FFFFFF;
  font-size: 1rem;
}

.emotion-7 {
  padding: 16px;
  background: #25D695;
  border-radius: 4px;
  height: 110px;
  display: -webkit-box;
  display: -webkit-flex;
  display: -ms-flexbox;
  display: flex;
  -webkit-flex-direction: row;
  -ms-flex-direction: row;
  flex-direction: row;
  -webkit-align-items: center;
  -webkit-box-align: center;
  -ms-flex-align: center;
  align-items: center;
  -webkit-box-pack: justify;
  -webkit-justify-content: space-between;
  justify-content: space-between;
  color: #25D695;
  background: linear-gradient(110.16deg, rgba(37, 214, 149, 0.15) 0%, rgba(37, 214, 149, 0.05) 100%);
}

.emotion-7 .label {
  width: 50%;
  color: #FFFFFF;
}

.emotion-7 .content {
  width: 50%;
  display: -webkit-box;
  display: -webkit-flex;
  display: -ms-flexbox;
  display: flex;
  -webkit-align-items: center;
  -webkit-box-align: center;
  -ms-flex-align: center;
  align-items: center;
  -webkit-box-pack: end;
  -ms-flex-pack: end;
  -webkit-justify-content: flex-end;
  justify-content: flex-end;
}

.emotion-7 .description {
  display: block;
  color: #FFFFFF;
  font-size: 1rem;
}

.emotion-10 {
  margin: 0;
  font-size: 0.75rem;
  letter-spacing: 0.4px;
  font-family: "Noto Sans",sans-serif;
  font-weight: 400;
  line-height: 1.66;
}

<div
  className="emotion-0"
>
  <div
    className="emotion-1"
  >
    <p
      className="MuiTypography-root MuiTypography-body2 label emotion-2"
    >
      latestBlock
    </p>
    <div
      className="content"
    >
      <h1
        className="MuiTypography-root MuiTypography-h1 emotion-3"
      >
        953,992
      </h1>
    </div>
  </div>
  <div
    className="emotion-4"
  >
    <p
      className="MuiTypography-root MuiTypography-body2 label emotion-2"
    >
      averageBlockTime
    </p>
    <div
      className="content"
    >
      <h1
        className="MuiTypography-root MuiTypography-h1 emotion-3"
      >
        6.54 s
      </h1>
    </div>
  </div>
  <div
    className="emotion-7"
  >
    <p
      className="MuiTypography-root MuiTypography-body2 label emotion-2"
    >
      activeValidators
    </p>
    <div
      className="content"
    >
      <h1
        className="MuiTypography-root MuiTypography-h1 emotion-3"
      >
        200
      </h1>
      <span
        className="MuiTypography-root MuiTypography-caption description emotion-10"
      >
         / 
      </span>
    </div>
  </div>
</div>
`;
