// Jest Snapshot v1, https://goo.gl/fbAQLP

exports[`screen: Home/SingleBlock matches snapshot 1`] = `
.emotion-0 {
  padding: 16px;
  background: #25D695;
  border-radius: 4px;
  display: -webkit-box;
  display: -webkit-flex;
  display: -ms-flexbox;
  display: flex;
  -webkit-flex-direction: row;
  -ms-flex-direction: row;
  flex-direction: row;
  -webkit-align-items: center;
  -webkit-box-align: center;
  -ms-flex-align: center;
  align-items: center;
  -webkit-box-pack: justify;
  -webkit-justify-content: space-between;
  justify-content: space-between;
  color: #25D695;
}

.emotion-0 .label {
  width: 50%;
  color: #FFFFFF;
}

.emotion-0 .content {
  width: 50%;
  display: -webkit-box;
  display: -webkit-flex;
  display: -ms-flexbox;
  display: flex;
  -webkit-align-items: baseline;
  -webkit-box-align: baseline;
  -ms-flex-align: baseline;
  align-items: baseline;
  -webkit-box-pack: end;
  -ms-flex-pack: end;
  -webkit-justify-content: flex-end;
  justify-content: flex-end;
}

.emotion-0 .description {
  display: block;
  color: #FFFFFF;
  font-size: 14px;
}

.emotion-0 .value {
  display: -webkit-box;
  display: -webkit-flex;
  display: -ms-flexbox;
  display: flex;
  -webkit-align-items: center;
  -webkit-box-align: center;
  -ms-flex-align: center;
  align-items: center;
  font-size: 20px;
  margin-bottom: 0;
}

.emotion-1 {
  margin: 0;
  font-size: 0.875rem;
  letter-spacing: 0.25px;
  font-family: "Noto Sans",sans-serif;
  font-weight: 400;
  line-height: 1.43;
}

.emotion-2 {
  margin: 0;
  font-size: 2rem;
  letter-spacing: 0.25px;
  font-weight: 600;
  margin-bottom: 12px;
  font-family: "Noto Sans",sans-serif;
  line-height: 1.167;
}

<div
  className="emotion-0"
>
  <p
    className="MuiTypography-root MuiTypography-body2 label emotion-1"
  >
    Price
  </p>
  <div
    className="content"
  >
    <h1
      className="MuiTypography-root MuiTypography-h1 value emotion-2"
    >
      $4.40
    </h1>
  </div>
</div>
`;
