// Jest Snapshot v1, https://goo.gl/fbAQLP

exports[`screen: Blocks/List matches snapshot 1`] = `
.emotion-0 {
  padding: 16px;
  padding-bottom: 0!important;
}

@media (min-width: 1025px) {
  .emotion-0 {
    padding: 16px 24px;
  }
}

.emotion-1 {
  display: -webkit-box;
  display: -webkit-flex;
  display: -ms-flexbox;
  display: flex;
  -webkit-align-items: center;
  -webkit-box-align: center;
  -ms-flex-align: center;
  align-items: center;
  cursor: pointer;
  font-size: 14px;
  font-weight: 500;
  color: #25D695!important;
}

.emotion-1 svg {
  fill: transparent;
}

.emotion-2 {
  font-size: 28px;
  font-weight: 600;
  color: #FFFFFF;
  margin-top: 12px;
  margin-bottom: 12px;
}

.emotion-3 {
  padding: 16px;
  display: grid;
  grid-template-rows: auto 1fr;
  grid-template-columns: 1fr;
  gap: 8px;
}

@media (min-width: 1025px) {
  .emotion-3 {
    padding: 16px 24px;
  }
}

.emotion-3 a {
  color: #4092CD;
}

@media (min-width:1025px) {
  .emotion-3 {
    gap: 16px;
  }
}

.emotion-4 {
  display: grid;
  grid-template-columns: 1fr;
  gap: 16px;
}

@media (min-width:1025px) {
  .emotion-4 {
    grid-template-columns: 1.25fr 1fr;
  }
}

.emotion-5 {
  min-height: 500px;
  height: 50vh;
}

@media (min-width:1025px) {
  .emotion-5 {
    min-height: 650px;
    height: 40vh;
  }
}

<div
  id="Layout"
  navTitle="transactionDetails"
>
  <div
    exists={true}
    id="LoadAndExist"
    loading={false}
  >
    <div
      className="emotion-0"
    >
      <a
        className="emotion-1"
        href="/transactions"
        onClick={[Function]}
        onMouseEnter={[Function]}
        onTouchStart={[Function]}
      >
        <svg
          fill="none"
          height="17"
          viewBox="0 0 16 17"
          width="16"
          xmlns="http://www.w3.org/2000/svg"
        >
          <path
            d="M10.5 13.5L5.5 8.5L10.5 3.5"
            stroke="#25D695"
            strokeWidth="1.5"
          />
        </svg>
        Back to all transactions
      </a>
      <div
        className="emotion-2"
      >
        transactionDetails
      </div>
    </div>
    <span
      className="emotion-3"
    >
      <div
        className="emotion-4"
      >
        <div
          data={
            {
              "amount": "",
              "error": "",
              "fee": {
                "baseDenom": "udaric",
                "displayDenom": "daric",
                "exponent": 6,
                "value": "0.000050",
              },
              "gasUsed": 149488,
              "gasWanted": 200000,
              "hash": "7D373DE5C5FB03EA72006F6CEC8F908545D435AE1C598A1B53AD0770C243822A",
              "height": 54290,
              "memo": "",
              "receiver": "",
              "sender": "",
              "success": true,
              "timestamp": "2021-05-01T07:47:40.855759",
            }
          }
          id="Overview"
        />
        <div
          assets={[]}
          assetsLoading={true}
          className="emotion-5"
          id="Messages"
          messages={
            [
              {
                "amount": {
                  "amount": "8371578",
                  "denom": "udaric",
                },
                "category": "staking",
                "delegatorAddress": "desmos18kvwy5hzcu3ss08lcfcnx0eajuecg69ujmkwjr",
                "json": {
                  "@type": "/cosmos.staking.v1beta1.MsgDelegate",
                  "amount": {
                    "amount": "8371578",
                    "denom": "udaric",
                  },
                  "delegator_address": "desmos18kvwy5hzcu3ss08lcfcnx0eajuecg69ujmkwjr",
                  "validator_address": "desmosvaloper18kvwy5hzcu3ss08lcfcnx0eajuecg69uvk76c3",
                },
                "type": "/cosmos.staking.v1beta1.MsgDelegate",
                "validatorAddress": "desmosvaloper18kvwy5hzcu3ss08lcfcnx0eajuecg69uvk76c3",
              },
            ]
          }
          metadataLoading={true}
          metadatas={[]}
          onMessageFilterCallback={[Function]}
          toggleMessageDisplay={[Function]}
          viewRaw={false}
        />
      </div>
      <div
        id="Logs"
        logs={
          [
            {
              "events": [
                {
                  "attributes": [
                    {
                      "key": "validator",
                      "value": "desmosvaloper18kvwy5hzcu3ss08lcfcnx0eajuecg69uvk76c3",
                    },
                    {
                      "key": "amount",
                      "value": "8371578",
                    },
                  ],
                  "type": "delegate",
                },
                {
                  "attributes": [
                    {
                      "key": "action",
                      "value": "delegate",
                    },
                    {
                      "key": "sender",
                      "value": "desmos1jv65s3grqf6v6jl3dp4t6c9t9rk99cd8n8fv78",
                    },
                    {
                      "key": "module",
                      "value": "staking",
                    },
                    {
                      "key": "sender",
                      "value": "desmos18kvwy5hzcu3ss08lcfcnx0eajuecg69ujmkwjr",
                    },
                  ],
                  "type": "message",
                },
                {
                  "attributes": [
                    {
                      "key": "recipient",
                      "value": "desmos18kvwy5hzcu3ss08lcfcnx0eajuecg69ujmkwjr",
                    },
                    {
                      "key": "sender",
                      "value": "desmos1jv65s3grqf6v6jl3dp4t6c9t9rk99cd8n8fv78",
                    },
                    {
                      "key": "amount",
                      "value": "3094654udaric",
                    },
                  ],
                  "type": "transfer",
                },
              ],
            },
          ]
        }
      />
    </span>
  </div>
</div>
`;
