// Jest Snapshot v1, https://goo.gl/fbAQLP

exports[`screen: Home/Tokenomics matches snapshot 1`] = `
.emotion-0 {
  height: 100%;
  display: -webkit-box;
  display: -webkit-flex;
  display: -ms-flexbox;
  display: flex;
  -webkit-flex-direction: column;
  -ms-flex-direction: column;
  flex-direction: column;
}

.emotion-0 .MuiTypography-h2 {
  font-size: 20px;
  margin-bottom: 16px;
}

.emotion-1 {
  margin: 0;
  font-size: 1.5rem;
  letter-spacing: 0;
  font-weight: 600;
  font-family: "Noto Sans",sans-serif;
  line-height: 1.2;
}

.emotion-2 {
  display: -webkit-box;
  display: -webkit-flex;
  display: -ms-flexbox;
  display: flex;
  -webkit-flex-direction: column;
  -ms-flex-direction: column;
  flex-direction: column;
  -webkit-flex: 1;
  -ms-flex: 1;
  flex: 1;
  -webkit-box-pack: justify;
  -webkit-justify-content: space-between;
  justify-content: space-between;
}

.emotion-3 {
  display: -webkit-box;
  display: -webkit-flex;
  display: -ms-flexbox;
  display: flex;
  -webkit-align-items: center;
  -webkit-box-align: center;
  -ms-flex-align: center;
  align-items: center;
  -webkit-box-pack: space-around;
  -ms-flex-pack: space-around;
  -webkit-justify-content: space-around;
  justify-content: space-around;
}

.emotion-4 {
  background: rgba(94, 103, 115, 0.25);
  padding: 8px;
  border-radius: 50%;
}

.emotion-5 {
  background: rgba(94, 103, 115, 0.25);
  border-radius: 50%;
}

.emotion-6 {
  display: -webkit-box;
  display: -webkit-flex;
  display: -ms-flexbox;
  display: flex;
  -webkit-align-items: center;
  -webkit-box-align: center;
  -ms-flex-align: center;
  align-items: center;
  -webkit-box-pack: justify;
  -webkit-justify-content: space-between;
  justify-content: space-between;
}

.emotion-6 .data__item {
  display: -webkit-box;
  display: -webkit-flex;
  display: -ms-flexbox;
  display: flex;
  -webkit-flex-direction: column;
  -ms-flex-direction: column;
  flex-direction: column;
  gap: 4px;
}

.emotion-6 .data__item .data__item-label {
  display: -webkit-box;
  display: -webkit-flex;
  display: -ms-flexbox;
  display: flex;
  gap: 6px;
}

.emotion-6 .data__item .data__item-label h4 {
  display: -webkit-box;
  display: -webkit-flex;
  display: -ms-flexbox;
  display: flex;
  -webkit-flex-direction: row;
  -ms-flex-direction: row;
  flex-direction: row;
  color: #777777;
  font-size: 14px;
  line-height: 1.5;
}

.emotion-6 .data__item h4 {
  display: -webkit-box;
  display: -webkit-flex;
  display: -ms-flexbox;
  display: flex;
  -webkit-flex-direction: row;
  -ms-flex-direction: row;
  flex-direction: row;
  -webkit-align-items: baseline;
  -webkit-box-align: baseline;
  -ms-flex-align: baseline;
  align-items: baseline;
  font-size: 16px;
  font-weight: 600;
  line-height: 1.5;
}

.emotion-6 .data__item h4 span {
  font-size: 12px;
  font-weight: 500;
}

.emotion-6 .data__item .MuiTypography-caption {
  color: #777777;
}

.emotion-6 .data__item .circle {
  width: 16px;
  height: 16px;
  border-radius: 8px;
}

.emotion-7 {
  margin: 0;
  font-size: 1rem;
  letter-spacing: 0.15px;
  font-family: "Noto Sans",sans-serif;
  font-weight: 400;
  line-height: 1.235;
}

<div
  className="emotion-0"
  id="box"
>
  <h2
    className="MuiTypography-root MuiTypography-h2 emotion-1"
  >
    tokenomics
  </h2>
  <div
    className="emotion-2"
  >
    <div
      className="emotion-3"
    >
      <div
        className="emotion-4"
      >
        <div
          className="emotion-5"
        />
      </div>
    </div>
    <div
      className="emotion-6"
    >
      <div
        className="data__item"
      >
        <div
          className="data__item-label"
        >
          <div
            className="circle"
            style={
              {
                "background": "#2FB6E0",
              }
            }
          />
          <h4
            className="MuiTypography-root MuiTypography-h4 emotion-7"
          >
            unbondedPercent
          </h4>
        </div>
        <h4
          className="MuiTypography-root MuiTypography-h4 data__item-value emotion-7"
        >
          -459,465,964,998
           
          <span />
        </h4>
      </div>
      <div
        className="data__item"
      >
        <div
          className="data__item-label"
        >
          <div
            className="circle"
            style={
              {
                "background": "#FFC93D",
              }
            }
          />
          <h4
            className="MuiTypography-root MuiTypography-h4 emotion-7"
          >
            bondedPercent
          </h4>
        </div>
        <h4
          className="MuiTypography-root MuiTypography-h4 data__item-value emotion-7"
        >
          254,578,529,800
           
          <span />
        </h4>
      </div>
    </div>
  </div>
</div>
`;
