// Jest Snapshot v1, https://goo.gl/fbAQLP

exports[`screen: BlockDetails matches snapshot 1`] = `
.emotion-0 {
  padding: 16px;
  padding-bottom: 0!important;
}

@media (min-width: 1025px) {
  .emotion-0 {
    padding: 16px 24px;
  }
}

.emotion-1 {
  display: -webkit-box;
  display: -webkit-flex;
  display: -ms-flexbox;
  display: flex;
  -webkit-align-items: center;
  -webkit-box-align: center;
  -ms-flex-align: center;
  align-items: center;
  cursor: pointer;
  font-size: 14px;
  font-weight: 500;
  color: #25D695!important;
}

.emotion-1 svg {
  fill: transparent;
}

.emotion-2 {
  font-size: 28px;
  font-weight: 600;
  color: #FFFFFF;
  margin-top: 12px;
  margin-bottom: 12px;
}

.emotion-3 {
  padding: 16px;
  display: grid;
  grid-template-rows: auto auto 1fr;
  grid-template-columns: 1fr;
  gap: 8px;
}

@media (min-width: 1025px) {
  .emotion-3 {
    padding: 16px 24px;
  }
}

.emotion-3 a {
  color: #4092CD;
}

@media (min-width:1025px) {
  .emotion-3 {
    gap: 16px;
  }
}

.emotion-4 {
  height: 450px;
}

@media (min-width:1025px) {
  .emotion-4 {
    height: 450px;
  }
}

<div
  id="Layout"
  navTitle="blockDetails"
>
  <div
    exists={true}
    id="LoadAndExist"
    loading={false}
  >
    <div
      className="emotion-0"
    >
      <a
        className="emotion-1"
        href="/blocks"
        onClick={[Function]}
        onMouseEnter={[Function]}
        onTouchStart={[Function]}
      >
        <svg
          fill="none"
          height="17"
          viewBox="0 0 16 17"
          width="16"
          xmlns="http://www.w3.org/2000/svg"
        >
          <path
            d="M10.5 13.5L5.5 8.5L10.5 3.5"
            stroke="#25D695"
            strokeWidth="1.5"
          />
        </svg>
        Back to all blocks
      </a>
      <div
        className="emotion-2"
      >
        blockDetails
      </div>
    </div>
    <span
      className="emotion-3"
    >
      <div
        hash="E568ACFE5717F79A44979563410FF7F6C3043A07307E541EF21E15FC478C3DF0"
        height={999}
        id="Overview"
        proposer="desmosvaloper18kvwy5hzcu3ss08lcfcnx0eajuecg69uvk76c3"
        timestamp="2021-04-27T16:27:34.331769"
        txs={1}
      />
      <div
        className="emotion-4"
        id="Signatures"
        signatures={
          [
            "desmosvaloper1qlh47ty9ah2d5e0xq6gsvqjvfulljl9602k7f9",
          ]
        }
      />
      <div
        id="Transactions"
        transactions={
          [
            {
              "amount": "",
              "fee": {
                "baseDenom": "",
                "displayDenom": "",
                "exponent": 0,
                "value": "0",
              },
              "hash": "393310C681CB39E09CD3AC16C600DBFDACB2DF5085277DA81E52698620C06136",
              "height": 999,
              "messages": {
                "count": 1,
                "items": [
                  {
                    "amount": {
                      "amount": "27466368",
                      "denom": "udaric",
                    },
                    "category": "staking",
                    "delegatorAddress": "desmos18kvwy5hzcu3ss08lcfcnx0eajuecg69ujmkwjr",
                    "json": {
                      "@type": "/cosmos.staking.v1beta1.MsgDelegate",
                      "amount": {
                        "amount": "27466368",
                        "denom": "udaric",
                      },
                      "delegator_address": "desmos18kvwy5hzcu3ss08lcfcnx0eajuecg69ujmkwjr",
                      "validator_address": "desmosvaloper18kvwy5hzcu3ss08lcfcnx0eajuecg69uvk76c3",
                    },
                    "type": "/cosmos.staking.v1beta1.MsgDelegate",
                    "validatorAddress": "desmosvaloper18kvwy5hzcu3ss08lcfcnx0eajuecg69uvk76c3",
                  },
                ],
              },
              "receiver": "-",
              "sender": "desmos18kvwy5hzcu3ss08lcfcnx0eajuecg69ujmkwjr",
              "success": true,
              "timestamp": "2021-04-27T16:27:34.331769",
              "type": [
                "Delegate",
              ],
            },
          ]
        }
      />
    </span>
  </div>
</div>
`;
