// Jest Snapshot v1, https://goo.gl/fbAQLP

exports[`component: layout/footer matches snapshot 1`] = `
.emotion-0 {
  background: #FFFFFF;
  padding: 0px 24px;
  color: #000000;
  width: calc(100% - 77px);
  -webkit-align-self: flex-end;
  -ms-flex-item-align: flex-end;
  align-self: flex-end;
}

@media (max-width:1024.95px) {
  .emotion-0 {
    width: 100%;
  }
}

.emotion-0 .footer__closing--container a {
  color: #4092CD;
}

@media (max-width:1024.95px) {
  .emotion-0 .footer__closing--container {
    display: -webkit-box;
    display: -webkit-flex;
    display: -ms-flexbox;
    display: flex;
    -webkit-align-items: center;
    -webkit-box-align: center;
    -ms-flex-align: center;
    align-items: center;
    -webkit-box-pack: justify;
    -webkit-justify-content: space-between;
    justify-content: space-between;
  }

  .emotion-0 .footer__closing--container p {
    font-size: 0.85rem;
  }
}

.emotion-0 .MuiDivider-root {
  margin: 32px 0px;
}

.emotion-0 p {
  margin-top: 16px;
  margin-bottom: 16px;
}

.emotion-0 .footer__logo--container p {
  margin-top: 8px;
  margin-bottom: 0;
}

.emotion-0 .footer__logo {
  width: 180px;
}

.emotion-0 .footer__closing--text {
  color: #777777;
}

.emotion-0 .footer__links {
  margin-top: 1rem;
}

.emotion-0 h3 {
  color: #777777;
  font-weight: 500;
  margin-bottom: 16px;
  margin-top: 16px;
}

.emotion-0 .links__group {
  display: -webkit-box;
  display: -webkit-flex;
  display: -ms-flexbox;
  display: flex;
  -webkit-flex-direction: column;
  -ms-flex-direction: column;
  flex-direction: column;
  -webkit-align-items: flex-start;
  -webkit-box-align: flex-start;
  -ms-flex-align: flex-start;
  align-items: flex-start;
}

.emotion-0 .links__group a {
  margin: 0.5rem 0;
  color: inherit;
  -webkit-text-decoration: none;
  text-decoration: none;
  padding-bottom: 1rem;
  border-bottom: solid 1px #999999;
  -webkit-transition: 0.2s;
  transition: 0.2s;
  width: 100%;
}

.emotion-0 .links__group a:hover {
  color: rgba(0, 0, 0, 0.6);
}

.emotion-0 .links__group.forbole a:last-child {
  padding-bottom: 0;
  border-bottom: none;
}

.emotion-0 .links__group.media {
  display: none;
}

@media (min-width:1025px) {
  .emotion-0 .links__group a {
    border-bottom: none;
    padding: 0;
    width: auto;
  }

  .emotion-0 .links__group.media {
    display: grid;
  }
}

@media (min-width:768px) {
  .emotion-0 {
    padding-bottom: 0;
  }

  .emotion-0 .MuiDivider-root {
    margin-bottom: 0;
  }

  .emotion-0 .footer__closing--container {
    display: -webkit-box;
    display: -webkit-flex;
    display: -ms-flexbox;
    display: flex;
    -webkit-align-items: center;
    -webkit-box-align: center;
    -ms-flex-align: center;
    align-items: center;
    -webkit-box-pack: justify;
    -webkit-justify-content: space-between;
    justify-content: space-between;
    padding: 8px 0px;
  }
}

@media (min-width:1025px) {
  .emotion-0 .MuiDivider-root {
    margin-top: 40px;
  }

  .emotion-0 .footer {
    display: grid;
    grid-template-columns: repeat(4, 1fr);
  }

  .emotion-0 .footer__links {
    grid-column: 2/5;
    display: grid;
    grid-template-columns: repeat(3, 1fr);
    margin-top: 0;
  }

  .emotion-0 h3 {
    font-size: 1.125rem;
    margin-top: 0;
  }

  .emotion-0 .footer__social {
    -webkit-box-pack: end;
    -ms-flex-pack: end;
    -webkit-justify-content: flex-end;
    justify-content: flex-end;
  }
}

.emotion-1 {
  margin: 0;
  font-size: 1rem;
  white-space: pre-wrap;
  letter-spacing: 0.5px;
  font-family: "Noto Sans",sans-serif;
  font-weight: 400;
  line-height: 1.5;
}

<div
  className="emotion-0"
>
  <div
    className="footer__closing--container"
  >
    <p
      className="MuiTypography-root MuiTypography-body1 footer__closing--text emotion-1"
    >
      <span
        data-testid="Trans"
        i18nKey="common:copyright"
      >
        <a
          href="https://raw.githubusercontent.com/forbole/big-dipper-2.0-cosmos/master/LICENSE"
          rel="noreferrer noopener"
          target="_blank"
          title="LICENSE"
        />
        {"name":"Coreum"}
      </span>
       
      2017
    </p>
    <p
      className="MuiTypography-root MuiTypography-body1 footer__closing--text emotion-1"
    >
      <span
        data-testid="Trans"
        i18nKey="common:maintainBy"
      >
        <a
          href="https://coreum.com"
          rel="noreferrer"
          target="_blank"
        />
        {"name":"Coreum"}
      </span>
    </p>
  </div>
</div>
`;
