// Jest Snapshot v1, https://goo.gl/fbAQLP

exports[`component: InfoPopover matches snapshot 1`] = `
.emotion-0 {
  display: -webkit-box;
  display: -webkit-flex;
  display: -ms-flexbox;
  display: flex;
  -webkit-align-items: center;
  -webkit-box-align: center;
  -ms-flex-align: center;
  align-items: center;
}

.emotion-1 {
  display: inline-block;
  font-size: 1rem;
  margin: 0px 4px;
}

<span
  aria-haspopup="true"
  className="emotion-0"
  onMouseEnter={[Function]}
  onMouseLeave={[Function]}
>
  <svg
    className="emotion-1"
  />
</span>
`;
