// Jest Snapshot v1, https://goo.gl/fbAQLP

exports[`screen: Transactions matches snapshot 1`] = `
.emotion-0 {
  padding: 16px;
}

@media (min-width: 1025px) {
  .emotion-0 {
    padding: 16px 24px;
  }
}

.emotion-0 a {
  color: #4092CD;
}

.emotion-1 {
  display: -webkit-box;
  display: -webkit-flex;
  display: -ms-flexbox;
  display: flex;
  -webkit-align-items: center;
  -webkit-box-align: center;
  -ms-flex-align: center;
  align-items: center;
  -webkit-box-pack: justify;
  -webkit-justify-content: space-between;
  justify-content: space-between;
}

@media (max-width:400.95px) {
  .emotion-1>h1 {
    font-size: 1.75rem;
  }

  .emotion-1>h4 {
    font-size: 0.75rem;
  }
}

.emotion-2 {
  margin: 0;
  font-size: 2rem;
  letter-spacing: 0.25px;
  font-weight: 600;
  margin-bottom: 12px;
  font-family: "Noto Sans",sans-serif;
  line-height: 1.167;
}

.emotion-4 {
  margin: 0;
  font-size: 1rem;
  letter-spacing: 0.15px;
  font-family: "Noto Sans",sans-serif;
  font-weight: 400;
  line-height: 1.235;
}

.emotion-5 {
  display: -webkit-inline-box;
  display: -webkit-inline-flex;
  display: -ms-inline-flexbox;
  display: inline-flex;
  width: 58px;
  height: 38px;
  overflow: hidden;
  padding: 12px;
  box-sizing: border-box;
  position: relative;
  -webkit-flex-shrink: 0;
  -ms-flex-negative: 0;
  flex-shrink: 0;
  z-index: 0;
  vertical-align: middle;
}

@media print {
  .emotion-5 {
    -webkit-print-color-adjust: exact;
    color-adjust: exact;
  }
}

.emotion-6 {
  display: -webkit-inline-box;
  display: -webkit-inline-flex;
  display: -ms-inline-flexbox;
  display: inline-flex;
  -webkit-align-items: center;
  -webkit-box-align: center;
  -ms-flex-align: center;
  align-items: center;
  -webkit-box-pack: center;
  -ms-flex-pack: center;
  -webkit-justify-content: center;
  justify-content: center;
  position: relative;
  box-sizing: border-box;
  -webkit-tap-highlight-color: transparent;
  background-color: transparent;
  outline: 0;
  border: 0;
  margin: 0;
  border-radius: 0;
  padding: 0;
  cursor: pointer;
  -webkit-user-select: none;
  -moz-user-select: none;
  -ms-user-select: none;
  user-select: none;
  vertical-align: middle;
  -moz-appearance: none;
  -webkit-appearance: none;
  -webkit-text-decoration: none;
  text-decoration: none;
  color: inherit;
  padding: 9px;
  border-radius: 50%;
  position: absolute;
  top: 0;
  left: 0;
  z-index: 1;
  color: #fff;
  -webkit-transition: left 150ms cubic-bezier(0.4, 0, 0.2, 1) 0ms,-webkit-transform 150ms cubic-bezier(0.4, 0, 0.2, 1) 0ms;
  transition: left 150ms cubic-bezier(0.4, 0, 0.2, 1) 0ms,transform 150ms cubic-bezier(0.4, 0, 0.2, 1) 0ms;
}

.emotion-6::-moz-focus-inner {
  border-style: none;
}

.emotion-6.Mui-disabled {
  pointer-events: none;
  cursor: default;
}

@media print {
  .emotion-6 {
    -webkit-print-color-adjust: exact;
    color-adjust: exact;
  }
}

.emotion-6.Mui-checked {
  -webkit-transform: translateX(20px);
  -moz-transform: translateX(20px);
  -ms-transform: translateX(20px);
  transform: translateX(20px);
}

.emotion-6.Mui-disabled {
  color: #f5f5f5;
}

.emotion-6.Mui-checked+.MuiSwitch-track {
  opacity: 0.5;
}

.emotion-6.Mui-disabled+.MuiSwitch-track {
  opacity: 0.12;
}

.emotion-6 .MuiSwitch-input {
  left: -100%;
  width: 300%;
}

.emotion-6:hover {
  background-color: rgba(0, 0, 0, 0.04);
}

@media (hover: none) {
  .emotion-6:hover {
    background-color: transparent;
  }
}

.emotion-6.Mui-checked {
  color: #25D695;
}

.emotion-6.Mui-checked:hover {
  background-color: rgba(37, 214, 149, 0.04);
}

@media (hover: none) {
  .emotion-6.Mui-checked:hover {
    background-color: transparent;
  }
}

.emotion-6.Mui-checked.Mui-disabled {
  color: rgb(172, 239, 214);
}

.emotion-6.Mui-checked+.MuiSwitch-track {
  background-color: #25D695;
}

.emotion-7 {
  cursor: inherit;
  position: absolute;
  opacity: 0;
  width: 100%;
  height: 100%;
  top: 0;
  left: 0;
  margin: 0;
  padding: 0;
  z-index: 1;
}

.emotion-8 {
  box-shadow: 0px 2px 1px -1px rgba(0,0,0,0.2),0px 1px 1px 0px rgba(0,0,0,0.14),0px 1px 3px 0px rgba(0,0,0,0.12);
  background-color: currentColor;
  width: 20px;
  height: 20px;
  border-radius: 50%;
}

.emotion-9 {
  overflow: hidden;
  pointer-events: none;
  position: absolute;
  z-index: 0;
  top: 0;
  right: 0;
  bottom: 0;
  left: 0;
  border-radius: inherit;
}

.emotion-10 {
  height: 100%;
  width: 100%;
  border-radius: 7px;
  z-index: -1;
  -webkit-transition: opacity 150ms cubic-bezier(0.4, 0, 0.2, 1) 0ms,background-color 150ms cubic-bezier(0.4, 0, 0.2, 1) 0ms;
  transition: opacity 150ms cubic-bezier(0.4, 0, 0.2, 1) 0ms,background-color 150ms cubic-bezier(0.4, 0, 0.2, 1) 0ms;
  background-color: #000;
  opacity: 0.38;
}

.emotion-11 {
  min-height: 500px;
  height: 50vh;
  padding: 0px 0px 32pxpx 0px!important;
}

@media (min-width:1025px) {
  .emotion-11 {
    height: 100%;
    min-height: 65vh;
  }
}

<div
  className="emotion-0"
  id="Layout"
  navTitle="transactions"
>
  <div
    exists={true}
    id="LoadAndExist"
    loading={false}
  >
    <div
      className="emotion-1"
    >
      <h1
        className="MuiTypography-root MuiTypography-h1 emotion-2"
      >
        transactions
      </h1>
      <div
        className="emotion-1"
      >
        <h4
          className="MuiTypography-root MuiTypography-h4 emotion-4"
        >
          showDetails
        </h4>
        <span
          className="MuiSwitch-root MuiSwitch-sizeMedium emotion-5"
        >
          <span
            className="MuiButtonBase-root MuiSwitch-switchBase MuiSwitch-colorPrimary PrivateSwitchBase-root MuiSwitch-switchBase MuiSwitch-colorPrimary emotion-6"
            onBlur={[Function]}
            onContextMenu={[Function]}
            onDragLeave={[Function]}
            onFocus={[Function]}
            onKeyDown={[Function]}
            onKeyUp={[Function]}
            onMouseDown={[Function]}
            onMouseLeave={[Function]}
            onMouseUp={[Function]}
            onTouchEnd={[Function]}
            onTouchMove={[Function]}
            onTouchStart={[Function]}
            tabIndex={null}
          >
            <input
              checked={false}
              className="PrivateSwitchBase-input MuiSwitch-input emotion-7"
              onChange={[Function]}
              required={false}
              type="checkbox"
            />
            <span
              className="MuiSwitch-thumb emotion-8"
            />
            <span
              className="MuiTouchRipple-root emotion-9"
            />
          </span>
          <span
            className="MuiSwitch-track emotion-10"
          />
        </span>
      </div>
    </div>
    <div
      className="emotion-11"
      id="Box"
    >
      <div
        hasNextPage={false}
        id="TransactionsList"
        isItemLoaded={[Function]}
        isNextPageLoading={false}
        itemCount={1}
        loadMoreItems={[Function]}
        loadNextPage={[Function]}
        transactions={
          [
            {
              "hash": "D223E2E4E4FD29868D1034EFE5FB162EAB78B4CCE1D53EFD4F34A40608FB6C4B",
              "height": 432022,
              "messages": {
                "count": 2,
                "items": [
                  {
                    "amounts": [
                      {
                        "baseDenom": "utestcore",
                        "displayDenom": "utestcore",
                        "exponent": 0,
                        "value": "0",
                      },
                    ],
                    "category": "distribution",
                    "delegatorAddress": "desmos18kvwy5hzcu3ss08lcfcnx0eajuecg69ujmkwjr",
                    "json": {
                      "@type": "/cosmos.distribution.v1beta1.MsgWithdrawDelegatorReward",
                      "delegator_address": "desmos18kvwy5hzcu3ss08lcfcnx0eajuecg69ujmkwjr",
                      "validator_address": "desmosvaloper18kvwy5hzcu3ss08lcfcnx0eajuecg69uvk76c3",
                    },
                    "type": "/cosmos.distribution.v1beta1.MsgWithdrawDelegatorReward",
                    "validatorAddress": "desmosvaloper18kvwy5hzcu3ss08lcfcnx0eajuecg69uvk76c3",
                  },
                  {
                    "amounts": [
                      {
                        "baseDenom": "utestcore",
                        "displayDenom": "utestcore",
                        "exponent": 0,
                        "value": "0",
                      },
                    ],
                    "category": "distribution",
                    "json": {
                      "@type": "/cosmos.distribution.v1beta1.MsgWithdrawValidatorCommission",
                      "validator_address": "desmosvaloper18kvwy5hzcu3ss08lcfcnx0eajuecg69uvk76c3",
                    },
                    "type": "/cosmos.distribution.v1beta1.MsgWithdrawValidatorCommission",
                    "validatorAddress": "desmosvaloper18kvwy5hzcu3ss08lcfcnx0eajuecg69uvk76c3",
                  },
                ],
              },
              "success": true,
              "timestamp": "2021-05-28T00:08:33.700487",
              "type": [
                "Withdraw Delegator Reward",
                "Withdraw Validator Commission",
              ],
            },
          ]
        }
      />
    </div>
  </div>
</div>
`;
