// Jest Snapshot v1, https://goo.gl/fbAQLP

exports[`component: SingleTransactionMobile matches snapshot 1`] = `
.emotion-0 {
  margin-bottom: 16px;
  margin-top: 16px;
}

.emotion-1 {
  margin-bottom: 16px;
}

.emotion-1 .label {
  margin-bottom: 8px;
  color: #777777;
}

.emotion-1 p.value {
  color: #414141;
}

.emotion-1 a {
  color: #4092CD;
}

.emotion-2 {
  margin: 0;
  font-size: 1rem;
  letter-spacing: 0.15px;
  font-family: "Noto Sans",sans-serif;
  font-weight: 400;
  line-height: 1.235;
}

.emotion-5 {
  margin: 0;
  font-size: 1rem;
  white-space: pre-wrap;
  letter-spacing: 0.5px;
  font-family: "Noto Sans",sans-serif;
  font-weight: 400;
  line-height: 1.5;
}

.emotion-6 {
  display: -webkit-box;
  display: -webkit-flex;
  display: -ms-flexbox;
  display: flex;
  -webkit-align-items: flex-start;
  -webkit-box-align: flex-start;
  -ms-flex-align: flex-start;
  align-items: flex-start;
  -webkit-box-pack: start;
  -ms-flex-pack: start;
  -webkit-justify-content: flex-start;
  justify-content: flex-start;
}

.emotion-6>div {
  width: 50%;
}

.emotion-12 {
  display: -webkit-inline-box;
  display: -webkit-inline-flex;
  display: -ms-inline-flexbox;
  display: inline-flex;
  -webkit-align-items: center;
  -webkit-box-align: center;
  -ms-flex-align: center;
  align-items: center;
  -webkit-box-pack: start;
  -ms-flex-pack: start;
  -webkit-justify-content: flex-start;
  justify-content: flex-start;
  color: #414141;
  gap: 4px;
}

.emotion-12 .MuiSvgIcon-root {
  fill: #1EC490;
}

<div
  className="emotion-0"
>
  <div
    className="emotion-1"
  >
    <h4
      className="MuiTypography-root MuiTypography-h4 label emotion-2"
    >
      block
    </h4>
    <div>
      10
    </div>
  </div>
  <div
    className="emotion-1"
  >
    <h4
      className="MuiTypography-root MuiTypography-h4 label emotion-2"
    >
      hash
    </h4>
    <p
      className="MuiTypography-root MuiTypography-body1 value emotion-5"
    >
      <div>
        1572D5F78D0192BC59E6BD99875D7796A39B1CE0CEF2E106D586CCCEF5C75317
      </div>
    </p>
  </div>
  <div
    className="emotion-6"
  >
    <div
      className="emotion-1"
    >
      <h4
        className="MuiTypography-root MuiTypography-h4 label emotion-2"
      >
        messages
      </h4>
      <p
        className="MuiTypography-root MuiTypography-body1 value emotion-5"
      >
        2
      </p>
    </div>
    <div
      className="emotion-1"
    >
      <h4
        className="MuiTypography-root MuiTypography-h4 label emotion-2"
      >
        result
      </h4>
      <span
        className="emotion-12"
      >
        <svg />
        <span
          className="MuiTypography-root MuiTypography-body1 emotion-5"
        >
          success
        </span>
      </span>
    </div>
  </div>
  <div
    className="emotion-1"
  >
    <h4
      className="MuiTypography-root MuiTypography-h4 label emotion-2"
    >
      time
    </h4>
    <p
      className="MuiTypography-root MuiTypography-body1 value emotion-5"
    >
      2022-02-19T19:03:14.969688
    </p>
  </div>
</div>
`;
