// Jest Snapshot v1, https://goo.gl/fbAQLP

exports[`screen: InitialLoad matches snapshot 1`] = `
.emotion-0 {
  display: -webkit-box;
  display: -webkit-flex;
  display: -ms-flexbox;
  display: flex;
  -webkit-align-items: center;
  -webkit-box-align: center;
  -ms-flex-align: center;
  align-items: center;
  -webkit-box-pack: center;
  -ms-flex-pack: center;
  -webkit-justify-content: center;
  justify-content: center;
  min-height: 100vh;
  min-width: 100vw;
  padding: 48px;
  position: fixed;
  z-index: 10000000;
  background-color: #F8F8F8;
}

.emotion-0 svg {
  width: 100%;
}

@media (min-width:375px) {
  .emotion-0 svg {
    width: 300px;
  }
}

.emotion-1 {
  width: 100%;
  display: -webkit-box;
  display: -webkit-flex;
  display: -ms-flexbox;
  display: flex;
  -webkit-align-items: center;
  -webkit-box-align: center;
  -ms-flex-align: center;
  align-items: center;
  -webkit-box-pack: center;
  -ms-flex-pack: center;
  -webkit-justify-content: center;
  justify-content: center;
}

@media (min-width:375px) {
  .emotion-1 {
    width: 300px;
  }
}

.emotion-2 {
  margin: 16px 0px;
}

<div
  className="emotion-0"
>
  <div>
    <div
      className="emotion-1"
    >
      <svg />
    </div>
    <div
      className="emotion-2"
      id="LinearProgress"
    />
  </div>
</div>
`;
