// Jest Snapshot v1, https://goo.gl/fbAQLP

exports[`screen: BlockDetails/Overview matches snapshot 1`] = `
.emotion-0 {
  overflow: hidden;
}

.emotion-0.emotion-0 {
  overflow: auto;
  padding: 16px;
  border-radius: 4px;
  background: #FFFFFF;
}

.emotion-0 h2 {
  color: #25D695;
}

.emotion-0 .memo {
  -webkit-align-items: flex-start;
  -webkit-box-align: flex-start;
  -ms-flex-align: flex-start;
  align-items: flex-start;
}

.emotion-0 .memo .label {
  margin-right: 40px;
}

.emotion-0 .MuiTypography-h2 {
  color: #FFFFFF!important;
  font-size: 20px;
}

.emotion-1 {
  display: -webkit-box;
  display: -webkit-flex;
  display: -ms-flexbox;
  display: flex;
  -webkit-flex-direction: column;
  -ms-flex-direction: column;
  flex-direction: column;
  -webkit-align-items: flex-start;
  -webkit-box-align: flex-start;
  -ms-flex-align: flex-start;
  align-items: flex-start;
}

.emotion-1:last-child {
  padding-bottom: 0;
}

.emotion-1 .label {
  margin-bottom: 4px;
  font-size: 14px;
  color: #414141;
}

.emotion-1 .detail {
  color: #000000;
  font-size: 14px;
  font-weight: 500;
  line-height: 24px;
  word-break: break-all;
}

.emotion-2 {
  margin: 0;
  font-size: 1.5rem;
  letter-spacing: 0;
  font-weight: 600;
  font-family: "Noto Sans",sans-serif;
  line-height: 1.2;
}

.emotion-3 {
  display: -webkit-box;
  display: -webkit-flex;
  display: -ms-flexbox;
  display: flex;
  -webkit-flex-direction: column;
  -ms-flex-direction: column;
  flex-direction: column;
  width: 100%;
  max-width: 100%;
}

.emotion-4 {
  display: grid;
  grid-template-columns: repeat(1, 1fr);
  margin: 16px 0px;
}

.emotion-5 {
  display: -webkit-box;
  display: -webkit-flex;
  display: -ms-flexbox;
  display: flex;
  -webkit-flex-direction: column;
  -ms-flex-direction: column;
  flex-direction: column;
  -webkit-align-items: flex-start;
  -webkit-box-align: flex-start;
  -ms-flex-align: flex-start;
  align-items: flex-start;
}

.emotion-5:last-child {
  padding-bottom: 0;
}

.emotion-5 .label {
  margin-bottom: 4px;
  font-size: 14px;
  color: #414141;
}

.emotion-5 .detail {
  color: #000000;
  font-size: 14px;
  font-weight: 500;
  line-height: 24px;
  word-break: break-all;
}

.emotion-6 {
  margin: 0;
  font-size: 1rem;
  white-space: pre-wrap;
  letter-spacing: 0.5px;
  font-family: "Noto Sans",sans-serif;
  font-weight: 400;
  line-height: 1.5;
}

.emotion-8 {
  display: grid;
  grid-template-columns: repeat(1, 1fr);
  gap: 16px;
}

@media (min-width:375px) {
  .emotion-8 {
    grid-template-columns: repeat(2, 1fr);
  }
}

<div
  className="emotion-0"
>
  <div
    className="emotion-1"
  >
    <h2
      className="MuiTypography-root MuiTypography-h2 emotion-2"
    >
      overview
    </h2>
  </div>
  <div
    className="emotion-3"
  >
    <div
      className="emotion-4"
    >
      <div
        className="emotion-5"
      >
        <p
          className="MuiTypography-root MuiTypography-body1 label emotion-6"
        >
          hash
        </p>
        <p
          className="MuiTypography-root MuiTypography-body1 detail emotion-6"
        >
          ---
        </p>
      </div>
    </div>
    <div
      className="emotion-8"
    >
      <div
        className="emotion-5"
      >
        <p
          className="MuiTypography-root MuiTypography-body1 label emotion-6"
        >
          height
        </p>
        <div
          className="detail"
        >
          <a
            className="value"
            href="/blocks/0"
            onClick={[Function]}
            onMouseEnter={[Function]}
            onTouchStart={[Function]}
          >
            0
          </a>
        </div>
      </div>
      <div
        className="emotion-5"
      >
        <p
          className="MuiTypography-root MuiTypography-body1 label emotion-6"
        >
          time
        </p>
        <p
          className="MuiTypography-root MuiTypography-body1 detail emotion-6"
        >
          2020-08-10 12:00:00
        </p>
      </div>
      <div
        className="emotion-5"
      >
        <p
          className="MuiTypography-root MuiTypography-body1 label emotion-6"
        >
          fee
        </p>
        <p
          className="MuiTypography-root MuiTypography-body1 detail emotion-6"
        >
          5,000 DARIC
        </p>
      </div>
      <div
        className="emotion-5"
      >
        <p
          className="MuiTypography-root MuiTypography-body1 label emotion-6"
        >
          gas
        </p>
        <p
          className="MuiTypography-root MuiTypography-body1 detail emotion-6"
        >
          0 / 0
        </p>
      </div>
      <div
        className="emotion-5"
      >
        <p
          className="MuiTypography-root MuiTypography-body1 label emotion-6"
        >
          result
        </p>
        <div
          className="detail"
        >
          <div
            id="Result"
            success={false}
          />
        </div>
      </div>
      <div
        className="emotion-5 memo"
      >
        <p
          className="MuiTypography-root MuiTypography-body1 label emotion-6"
        >
          memo
        </p>
        <p
          className="MuiTypography-root MuiTypography-body1 detail emotion-6"
        >
          ---
        </p>
      </div>
      <div
        className="emotion-5 memo"
      >
        <p
          className="MuiTypography-root MuiTypography-body1 label emotion-6"
        >
          error
        </p>
        <p
          className="MuiTypography-root MuiTypography-body1 detail emotion-6"
        >
          ---
        </p>
      </div>
    </div>
  </div>
</div>
`;
