// Jest Snapshot v1, https://goo.gl/fbAQLP

exports[`screen: Home/OnlineVotingPower matches snapshot 1`] = `
.emotion-0 {
  display: grid;
  height: 100%;
}

.emotion-0 .MuiTypography-h2 {
  margin-bottom: 16px;
}

.emotion-1 {
  margin: 0;
  font-size: 1.5rem;
  letter-spacing: 0;
  font-weight: 600;
  font-family: "Noto Sans",sans-serif;
  line-height: 1.2;
}

.emotion-2 {
  display: -webkit-box;
  display: -webkit-flex;
  display: -ms-flexbox;
  display: flex;
  -webkit-flex-direction: column;
  -ms-flex-direction: column;
  flex-direction: column;
}

.emotion-3 {
  display: -webkit-box;
  display: -webkit-flex;
  display: -ms-flexbox;
  display: flex;
  height: 11px;
  border-radius: 4px;
  background: rgba(37, 214, 149, 0.2);
  overflow: hidden;
  margin: 16px 0px;
}

.emotion-4 {
  width: 100%;
  background: #25D695;
  -webkit-transition: 0.3s;
  transition: 0.3s;
}

.emotion-5 {
  display: -webkit-box;
  display: -webkit-flex;
  display: -ms-flexbox;
  display: flex;
  -webkit-align-items: center;
  -webkit-box-align: center;
  -ms-flex-align: center;
  align-items: center;
  -webkit-box-pack: justify;
  -webkit-justify-content: space-between;
  justify-content: space-between;
}

.emotion-5 .primary__data {
  color: #25D695;
  margin-right: 16px;
  font-size: 2.5rem;
}

@media (max-width:1024.95px) {
  .emotion-5 .primary__data {
    font-size: 2rem;
  }
}

@media (max-width:1024.95px) {
  .emotion-5 .secondary__data {
    font-size: 0.85rem;
  }
}

@media (max-width:1024.95px) {
  .emotion-5 {
    margin-bottom: 16px;
  }
}

.emotion-6 {
  margin: 0;
  font-size: 1.25rem;
  letter-spacing: 0.15px;
  font-family: "Noto Sans",sans-serif;
  font-weight: 400;
  line-height: 1.167;
}

.emotion-7 {
  margin: 0;
  font-size: 1rem;
  white-space: pre-wrap;
  letter-spacing: 0.5px;
  font-family: "Noto Sans",sans-serif;
  font-weight: 400;
  line-height: 1.5;
}

@media (min-width:768px) {
  .emotion-8 {
    -webkit-flex: 1;
    -ms-flex: 1;
    flex: 1;
    display: grid;
    grid-template-columns: repeat(2 1fr);
    gap: 8px;
  }
}

.emotion-9 {
  display: -webkit-box;
  display: -webkit-flex;
  display: -ms-flexbox;
  display: flex;
  -webkit-align-items: center;
  -webkit-box-align: center;
  -ms-flex-align: center;
  align-items: center;
  -webkit-box-pack: justify;
  -webkit-justify-content: space-between;
  justify-content: space-between;
  padding: 8px;
}

.emotion-9 .label {
  color: #777777;
}

.emotion-9 p.value {
  color: #000000;
  font-weight: 700;
}

.emotion-9 p.value .positive {
  color: #2460FA;
}

.emotion-9 p.value .negative {
  color: #E79720;
}

.emotion-9 a {
  color: #4092CD;
}

@media (min-width:768px) {
  .emotion-9 {
    display: grid;
    place-items: start;
  }
}

.emotion-10 {
  margin: 0;
  font-size: 1rem;
  letter-spacing: 0.15px;
  font-family: "Noto Sans",sans-serif;
  font-weight: 400;
  line-height: 1.235;
}

<div
  className="emotion-0"
>
  <h2
    className="MuiTypography-root MuiTypography-h2 emotion-1"
  >
    onlineVotingPower
  </h2>
  <div
    className="emotion-2"
  >
    <div
      className="emotion-3"
    >
      <div
        className="emotion-4"
      />
    </div>
    <div
      className="emotion-5"
    >
      <h3
        className="MuiTypography-root MuiTypography-h3 primary__data emotion-6"
      >
        100.00%
      </h3>
      <p
        className="MuiTypography-root MuiTypography-body1 secondary__data emotion-7"
      >
        76,341,043
         /
         
        76,341,043
      </p>
    </div>
  </div>
  <div
    className="emotion-8"
  >
    <div
      className="emotion-9"
    >
      <h4
        className="MuiTypography-root MuiTypography-h4 label emotion-10"
      >
        validators
      </h4>
      <p
        className="MuiTypography-root MuiTypography-body1 value emotion-7"
      >
        109
      </p>
    </div>
    <div
      className="emotion-9"
    >
      <h4
        className="MuiTypography-root MuiTypography-h4 label emotion-10"
      >
        votingPowerPercent
      </h4>
      <p
        className="MuiTypography-root MuiTypography-body1 value emotion-7"
      >
        100.00%
      </p>
    </div>
    <div
      className="emotion-9"
    >
      <h4
        className="MuiTypography-root MuiTypography-h4 label emotion-10"
      >
        votingPower
      </h4>
      <p
        className="MuiTypography-root MuiTypography-body1 value emotion-7"
      >
        76,341,043
      </p>
    </div>
    <div
      className="emotion-9"
    >
      <h4
        className="MuiTypography-root MuiTypography-h4 label emotion-10"
      >
        totalVotingPower
      </h4>
      <p
        className="MuiTypography-root MuiTypography-body1 value emotion-7"
      >
        76,341,043
      </p>
    </div>
  </div>
</div>
`;

exports[`screen: Home/OnlineVotingPower matches snapshot 2`] = `
.emotion-0 {
  display: grid;
  height: 100%;
}

.emotion-0 .MuiTypography-h2 {
  margin-bottom: 16px;
}

.emotion-1 {
  margin: 0;
  font-size: 1.5rem;
  letter-spacing: 0;
  font-weight: 600;
  font-family: "Noto Sans",sans-serif;
  line-height: 1.2;
}

.emotion-2 {
  display: -webkit-box;
  display: -webkit-flex;
  display: -ms-flexbox;
  display: flex;
  -webkit-flex-direction: column;
  -ms-flex-direction: column;
  flex-direction: column;
}

.emotion-3 {
  display: -webkit-box;
  display: -webkit-flex;
  display: -ms-flexbox;
  display: flex;
  height: 11px;
  border-radius: 4px;
  background: rgba(37, 214, 149, 0.2);
  overflow: hidden;
  margin: 16px 0px;
}

.emotion-4 {
  width: 100%;
  background: #25D695;
  -webkit-transition: 0.3s;
  transition: 0.3s;
}

.emotion-5 {
  display: -webkit-box;
  display: -webkit-flex;
  display: -ms-flexbox;
  display: flex;
  -webkit-align-items: center;
  -webkit-box-align: center;
  -ms-flex-align: center;
  align-items: center;
  -webkit-box-pack: justify;
  -webkit-justify-content: space-between;
  justify-content: space-between;
}

.emotion-5 .primary__data {
  color: #25D695;
  margin-right: 16px;
  font-size: 2.5rem;
}

@media (max-width:1024.95px) {
  .emotion-5 .primary__data {
    font-size: 2rem;
  }
}

@media (max-width:1024.95px) {
  .emotion-5 .secondary__data {
    font-size: 0.85rem;
  }
}

@media (max-width:1024.95px) {
  .emotion-5 {
    margin-bottom: 16px;
  }
}

.emotion-6 {
  margin: 0;
  font-size: 1.25rem;
  letter-spacing: 0.15px;
  font-family: "Noto Sans",sans-serif;
  font-weight: 400;
  line-height: 1.167;
}

.emotion-7 {
  margin: 0;
  font-size: 1rem;
  white-space: pre-wrap;
  letter-spacing: 0.5px;
  font-family: "Noto Sans",sans-serif;
  font-weight: 400;
  line-height: 1.5;
}

@media (min-width:768px) {
  .emotion-8 {
    -webkit-flex: 1;
    -ms-flex: 1;
    flex: 1;
    display: grid;
    grid-template-columns: repeat(2 1fr);
    gap: 8px;
  }
}

.emotion-9 {
  display: -webkit-box;
  display: -webkit-flex;
  display: -ms-flexbox;
  display: flex;
  -webkit-align-items: center;
  -webkit-box-align: center;
  -ms-flex-align: center;
  align-items: center;
  -webkit-box-pack: justify;
  -webkit-justify-content: space-between;
  justify-content: space-between;
  padding: 8px;
}

.emotion-9 .label {
  color: #777777;
}

.emotion-9 p.value {
  color: #000000;
  font-weight: 700;
}

.emotion-9 p.value .positive {
  color: #2460FA;
}

.emotion-9 p.value .negative {
  color: #E79720;
}

.emotion-9 a {
  color: #4092CD;
}

@media (min-width:768px) {
  .emotion-9 {
    display: grid;
    place-items: start;
  }
}

.emotion-10 {
  margin: 0;
  font-size: 1rem;
  letter-spacing: 0.15px;
  font-family: "Noto Sans",sans-serif;
  font-weight: 400;
  line-height: 1.235;
}

<div
  className="emotion-0"
>
  <h2
    className="MuiTypography-root MuiTypography-h2 emotion-1"
  >
    onlineVotingPower
  </h2>
  <div
    className="emotion-2"
  >
    <div
      className="emotion-3"
    >
      <div
        className="emotion-4"
      />
    </div>
    <div
      className="emotion-5"
    >
      <h3
        className="MuiTypography-root MuiTypography-h3 primary__data emotion-6"
      >
        100.00%
      </h3>
      <p
        className="MuiTypography-root MuiTypography-body1 secondary__data emotion-7"
      >
        76,341,043
         /
         
        76,341,043
      </p>
    </div>
  </div>
  <div
    className="emotion-8"
  >
    <div
      className="emotion-9"
    >
      <h4
        className="MuiTypography-root MuiTypography-h4 label emotion-10"
      >
        validators
      </h4>
      <p
        className="MuiTypography-root MuiTypography-body1 value emotion-7"
      >
        109
      </p>
    </div>
    <div
      className="emotion-9"
    >
      <h4
        className="MuiTypography-root MuiTypography-h4 label emotion-10"
      >
        votingPowerPercent
      </h4>
      <p
        className="MuiTypography-root MuiTypography-body1 value emotion-7"
      >
        100.00%
      </p>
    </div>
    <div
      className="emotion-9"
    >
      <h4
        className="MuiTypography-root MuiTypography-h4 label emotion-10"
      >
        votingPower
      </h4>
      <p
        className="MuiTypography-root MuiTypography-body1 value emotion-7"
      >
        76,341,043
      </p>
    </div>
    <div
      className="emotion-9"
    >
      <h4
        className="MuiTypography-root MuiTypography-h4 label emotion-10"
      >
        totalVotingPower
      </h4>
      <p
        className="MuiTypography-root MuiTypography-body1 value emotion-7"
      >
        76,341,043
      </p>
    </div>
  </div>
</div>
`;
