// Jest Snapshot v1, https://goo.gl/fbAQLP

exports[`screen: ProposalDetails matches snapshot 1`] = `
.emotion-0 {
  padding: 16px;
  display: grid;
  grid-template-columns: 1fr;
  grid-template-rows: min-content min-content auto;
  gap: 8px;
}

@media (min-width: 1025px) {
  .emotion-0 {
    padding: 16px 24px;
  }
}

@media (min-width:1025px) {
  .emotion-0 {
    gap: 16px;
    grid-template-columns: repeat(3, 1fr);
  }
}

@media (min-width:1025px) {
  .emotion-1 {
    grid-column: 1/4;
  }
}

.emotion-2 {
  display: -webkit-box;
  display: -webkit-flex;
  display: -ms-flexbox;
  display: flex;
  -webkit-align-items: center;
  -webkit-box-align: center;
  -ms-flex-align: center;
  align-items: center;
  cursor: pointer;
  font-size: 14px;
  font-weight: 500;
  color: #25D695!important;
}

.emotion-2 svg {
  fill: transparent;
}

.emotion-3 {
  font-size: 28px;
  font-weight: 600;
  color: #FFFFFF;
  margin-top: 12px;
  margin-bottom: 12px;
}

@media (min-width:1025px) {
  .emotion-4 {
    grid-column: 1/4;
  }
}

@media (min-width:768px) {
  .emotion-5 {
    grid-column: 1/2;
  }
}

@media (min-width:1025px) {
  .emotion-5 {
    grid-column: 1/4;
    height: auto;
  }
}

@media (min-width:1025px) {
  .emotion-6 {
    grid-column: 1/4;
  }
}

@media (min-width:1025px) {
  .emotion-7 {
    grid-column: 1/4;
  }
}

<div
  id="Layout"
  navTitle="proposalDetails"
>
  <div
    exists={true}
    id="LoadAndExist"
    loading={false}
  >
    <span
      className="emotion-0"
    >
      <div
        className="emotion-1"
      >
        <a
          className="emotion-2"
          href="/proposals"
          onClick={[Function]}
          onMouseEnter={[Function]}
          onTouchStart={[Function]}
        >
          <svg
            fill="none"
            height="17"
            viewBox="0 0 16 17"
            width="16"
            xmlns="http://www.w3.org/2000/svg"
          >
            <path
              d="M10.5 13.5L5.5 8.5L10.5 3.5"
              stroke="#25D695"
              strokeWidth="1.5"
            />
          </svg>
          Back to all proposals
        </a>
        <div
          className="emotion-3"
        >
          proposalDetails
        </div>
      </div>
      <div
        className="emotion-4"
        id="Overview"
        overview={
          {
            "content": {
              "@type": "/cosmos.gov.v1beta1.TextProposal",
              "description": "Set the minimum commission to 5%. This will help ensure network stability. It also ensures that validators earn enough to support secure and stable validation. We must create a healthier network. If this proposal is accepted, it will mean that the blockchain needs to be updated so that the fee of all validators can be changed automatically.",
              "title": "Increase minimum commission rate to 5%",
            },
            "depositEndTime": "2022-02-22T19:03:14.969688",
            "description": "Set the minimum commission to 5%. This will help ensure network stability. It also ensures that validators earn enough to support secure and stable validation. We must create a healthier network. If this proposal is accepted, it will mean that the blockchain needs to be updated so that the fee of all validators can be changed automatically.",
            "id": 14,
            "proposalType": "CommunityPoolSpend",
            "proposer": "desmos1e4g9807ephy5t7zzt6vu0kw7tryqh9k39w3gc2",
            "status": "PROPOSAL_STATUS_PASSED",
            "submitTime": "2022-02-19T19:03:14.969688",
            "title": "Increase minimum commission rate to 5%",
            "votingEndTime": "2022-02-26T19:03:14.969688",
            "votingStartTime": "2022-02-19T19:03:14.969688",
          }
        }
      />
      <div
        className="emotion-5"
        id="VotesGraph"
      />
      <div
        className="emotion-6"
        id="Votes"
      />
      <div
        className="emotion-7"
        id="Deposits"
      />
    </span>
  </div>
</div>
`;
