// Jest Snapshot v1, https://goo.gl/fbAQLP

exports[`screen: Validators matches snapshot 1`] = `
.emotion-0 {
  padding: 16px;
}

@media (min-width: 1025px) {
  .emotion-0 {
    padding: 16px 24px;
  }
}

.emotion-0 a {
  color: #4092CD;
}

.emotion-1 {
  margin: 0;
  font-size: 2rem;
  letter-spacing: 0.25px;
  font-weight: 600;
  margin-bottom: 12px;
  font-family: "Noto Sans",sans-serif;
  line-height: 1.167;
}

<div
  className="emotion-0"
  contentWrapperClassName="css-s4fdp5-layoutContentWrapper"
  id="Layout"
  navTitle="validators"
  rootClassName="css-1ydocy-layoutRoot"
>
  <h1
    className="MuiTypography-root MuiTypography-h1 emotion-1"
  >
    validators
  </h1>
  <div
    id="List"
  />
</div>
`;
