// Jest Snapshot v1, https://goo.gl/fbAQLP

exports[`screen: Nav/Mobile it renders 1`] = `
.emotion-0 {
  z-index: 500;
  width: 100%;
  position: fixed;
  top: 0;
  background: #F8F8F8;
}

.emotion-1 {
  opacity: 0;
  background: #FFFFFF;
  visibility: hidden;
  -webkit-transition: 0.2s ease-in-out;
  transition: 0.2s ease-in-out;
  position: fixed;
  width: 100%;
  padding-top: 3.5rem;
  height: 100vh;
}

.emotion-1.open {
  opacity: 1;
  visibility: visible;
}

.emotion-1.menu {
  z-index: 151;
}

.emotion-1.network {
  z-index: 1;
}

.emotion-2 {
  padding: 16px;
}

<div>
  <div
    className="emotion-0"
  >
    <div
      className="emotion-1"
      id="menu"
      toggleNavMenus={[Function]}
    />
    <div
      id="navbar"
      isOpen={false}
      openNetwork={[Function]}
      toggleNavMenus={[Function]}
    />
    <div
      className="emotion-2"
      id="searchBar"
    />
  </div>
  <div
    style={
      {
        "height": 0,
      }
    }
  />
</div>
`;
