// Jest Snapshot v1, https://goo.gl/fbAQLP

exports[`component: Nav it renders 1`] = `
[
  @media (max-width:1024.95px) {
  .emotion-0 {
    display: none;
  }
}

<div
    className="emotion-0"
    id="Desktop"
  />,
  @media (min-width:1025px) {
  .emotion-0 {
    display: none;
  }
}

<div
    className="emotion-0"
    id="Mobile"
  />,
]
`;
