// Jest Snapshot v1, https://goo.gl/fbAQLP

exports[`screen: Home matches snapshot 1`] = `
.emotion-0 {
  padding: 16px;
  display: grid;
  gap: 8px;
  grid-template-rows: auto auto 1fr;
  grid-template-columns: 1fr;
}

@media (min-width: 1025px) {
  .emotion-0 {
    padding: 16px 24px;
  }
}

.emotion-0 a {
  color: #4092CD;
}

@media (min-width:768px) {
  .emotion-0 {
    grid-gap: 16px;
    padding-right: 8px;
    grid-template-columns: repeat(2, 1fr);
  }
}

@media (min-width:1025px) {
  .emotion-0 {
    gap: 16px;
    grid-template-columns: repeat(3, 1fr);
    padding-right: 24px;
  }
}

.emotion-1 {
  grid-column: 1;
  overflow-y: hidden;
}

@media (min-width:768px) {
  .emotion-1 {
    grid-column: 1/3;
  }
}

@media (min-width:1025px) {
  .emotion-1 {
    grid-column: 1/3;
    height: 350px;
  }
}

.emotion-2 {
  grid-column: 1;
}

@media (min-width:768px) {
  .emotion-2 {
    grid-column: 1/2;
  }
}

@media (min-width:1025px) {
  .emotion-2 {
    grid-column: 3/4;
  }
}

.emotion-3 {
  grid-column: 1;
}

@media (min-width:768px) {
  .emotion-3 {
    grid-column: 2/3;
  }
}

@media (min-width:1025px) {
  .emotion-3 {
    grid-column: 1/2;
    height: 350px;
  }
}

.emotion-4 {
  grid-column: 1;
  height: 375px;
}

@media (min-width:768px) {
  .emotion-4 {
    grid-column: 1/2;
  }
}

@media (min-width:1025px) {
  .emotion-4 {
    grid-column: 2/3;
    height: 100%;
  }
}

.emotion-5 {
  grid-column: 1;
  height: 375px;
}

@media (min-width:768px) {
  .emotion-5 {
    grid-column: 2/3;
  }
}

@media (min-width:1025px) {
  .emotion-5 {
    grid-column: 3/4;
    height: 100%;
  }
}

.emotion-6 {
  grid-column: 1;
  display: grid;
  grid-template-columns: 1fr;
  gap: 16px;
}

@media (min-width:768px) {
  .emotion-6 {
    grid-column: 1/4;
  }
}

@media (min-width:1025px) {
  .emotion-6 {
    grid-gap: 16px;
    grid-template-columns: repeat(2, 1fr);
  }
}

@media (min-width:768px) {
  .emotion-6 .blocks {
    grid-column: 1;
  }
}

@media (min-width:1025px) {
  .emotion-6 .blocks {
    grid-column: 1;
  }
}

@media (min-width:768px) {
  .emotion-6 .transactions {
    grid-column: 1;
  }
}

@media (min-width:1025px) {
  .emotion-6 .transactions {
    grid-column: 2;
  }
}

<div
  className="emotion-0"
  id="Layout"
>
  <div
    className="emotion-1"
    id="MainInfo"
  />
  <div
    className="emotion-2"
    id="DataBlocks"
  />
  <div
    className="emotion-3"
    id="Hero"
  />
  <div
    className="emotion-4"
    id="Tokenomics"
  />
  <div
    className="emotion-5"
    id="Consensus"
  />
  <div
    className="emotion-6"
  >
    <div
      className="blocks"
      id="Blocks"
    />
    <div
      className="transactions"
      id="Transactions"
    />
  </div>
</div>
`;
